Command: C:\Espressif\tools\python\v6.0.1\venv\Scripts\python.exe D:\Projects\Espressif\idf\.espressif\v6.0.1\esp-idf\tools/idf_monitor.py -p COM7 -b 115200 --toolchain-prefix xtensa-esp32-elf- --target esp32 --revision 0 D:\Projects\Espressif\SPLE\SmartHome\build\SmartHome.elf D:\Projects\Espressif\SPLE\SmartHome\build\bootloader\bootloader.elf --force-color -m 'C:\Espressif\tools\python\v6.0.1\venv\Scripts\python.exe' 'D:\Projects\Espressif\idf\.espressif\v6.0.1\esp-idf\tools\idf.py'
���x���(4096k) l�ets Jul 29 2019 12:21:46

rst:0x1 (POWERON_RESET),boot:0x13 (SPI_FAST_FLASH_BOOT)
configsip: 0, SPIWP:0xee
clk_drv:0x00,q_drv:0x00,d_drv:0x00,cs0_drv:0x00,hd_drv:0x00,wp_drv:0x00
mode:DIO, clock div:2
load:0x3fff0040,len:6272
load:0x40078000,len:15848
load:0x40080400,len:3920
entry 0x40080644
[0;32mI (27) boot: ESP-IDF v6.0.1 2nd stage bootloader[0m
[0;32mI (27) boot: compile time May 27 2026 14:22:41[0m
[0;32mI (28) boot: Multicore bootloader[0m
[0;32mI (29) boot: chip revision: v3.1[0m
[0;32mI (32) boot.esp32: SPI Speed      : 40MHz[0m
[0;32mI (35) boot.esp32: SPI Mode       : DIO[0m
[0;32mI (39) boot.esp32: SPI Flash Size : 2MB[0m
[0;32mI (42) boot: Enabling RNG early entropy source...[0m
[0;32mI (47) boot: Partition Table:[0m
[0;32mI (49) boot: ## Label            Usage          Type ST Offset   Length[0m
[0;32mI (56) boot:  0 nvs              WiFi data        01 02 00009000 00006000[0m
[0;32mI (62) boot:  1 phy_init         RF data          01 01 0000f000 00001000[0m
[0;32mI (69) boot:  2 factory          factory app      00 00 00010000 00100000[0m
[0;32mI (75) boot: End of partition table[0m
[0;32mI (79) esp_image: segment 0: paddr=00010020 vaddr=3f400020 size=1de94h (122516) map[0m
[0;32mI (130) esp_image: segment 1: paddr=0002debc vaddr=3ffb0000 size=0215ch (  8540) load[0m
[0;32mI (133) esp_image: segment 2: paddr=00030020 vaddr=400d0020 size=8fd58h (589144) map[0m
[0;32mI (344) esp_image: segment 3: paddr=000bfd80 vaddr=3ffb215c size=023ech (  9196) load[0m
[0;32mI (347) esp_image: segment 4: paddr=000c2174 vaddr=40080000 size=156c0h ( 87744) load[0m
[0;32mI (383) esp_image: segment 5: paddr=000d783c vaddr=50000000 size=00028h (    40) load[0m
[0;32mI (394) boot: Loaded app from partition at offset 0x10000[0m
[0;32mI (395) boot: Disabling RNG early entropy source...[0m
[0;32mI (405) cpu_start: Multicore app[0m
[0;32mI (413) cpu_start: GPIO 3 and 1 are used as console UART I/O pins[0m
[0;32mI (414) cpu_start: Pro cpu start user code[0m
[0;32mI (414) cpu_start: cpu freq: 160000000 Hz[0m
[0;32mI (415) app_init: Application information:[0m
[0;32mI (419) app_init: Project name:     SmartHome[0m
[0;32mI (423) app_init: App version:      1335711-dirty[0m
[0;32mI (428) app_init: Compile time:     May 28 2026 11:32:00[0m
[0;32mI (433) app_init: ELF file SHA256:  c9e75ee60...[0m
[0;32mI (437) app_init: ESP-IDF:          v6.0.1[0m
[0;32mI (441) efuse_init: Min chip rev:     v0.0[0m
[0;32mI (445) efuse_init: Max chip rev:     v3.99 [0m
[0;32mI (449) efuse_init: Chip rev:         v3.1[0m
[0;32mI (453) heap_init: Initializing. RAM available for dynamic allocation:[0m
[0;32mI (459) heap_init: At 3FFAE6E0 len 00001920 (6 KiB): DRAM[0m
[0;32mI (464) heap_init: At 3FFB8A40 len 000275C0 (157 KiB): DRAM[0m
[0;32mI (469) heap_init: At 3FFE0440 len 00003AE0 (14 KiB): D/IRAM[0m
[0;32mI (475) heap_init: At 3FFE4350 len 0001BCB0 (111 KiB): D/IRAM[0m
[0;32mI (480) heap_init: At 400956C0 len 0000A940 (42 KiB): IRAM[0m
[0;33mW (487) spi_flash: Detected boya flash chip but using generic driver. For optimal functionality, enable `SPI_FLASH_SUPPORT_BOYA_CHIP` in menuconfig[0m
[0;32mI (498) spi_flash: detected chip: generic[0m
[0;32mI (502) spi_flash: flash io: dio[0m
[0;33mW (505) spi_flash: Detected size(4096k) larger than the size in the binary image header(2048k). Using the size in the binary image header.[0m
[0;32mI (519) main_task: Started on CPU0[0m
[0;32mI (529) main_task: Calling app_main()[0m
[0;32mI (529) Core_DeMa: 3 devices created.[0m
[0;32mI (589) wifi:wifi driver task: 3ffc063c, prio:23, stack:6656, core=0[0m
[0;32mI (609) wifi:wifi firmware version: b37c951[0m
[0;32mI (609) wifi:wifi certification version: v7.0[0m
[0;32mI (609) wifi:config NVS flash: enabled[0m
[0;32mI (609) wifi:config nano formatting: disabled[0m
[0;32mI (609) wifi:Init data frame dynamic rx buffer num: 32[0m
[0;32mI (619) wifi:Init static rx mgmt buffer num: 5[0m
[0;32mI (619) wifi:Init management short buffer num: 32[0m
[0;32mI (629) wifi:Init dynamic tx buffer num: 32[0m
[0;32mI (629) wifi:Init static rx buffer size: 1600[0m
[0;32mI (629) wifi:Init static rx buffer num: 10[0m
[0;32mI (639) wifi:Init dynamic rx buffer num: 32[0m
[0;32mI (639) wifi_init: rx ba win: 6[0m
[0;32mI (639) wifi_init: accept mbox: 6[0m
[0;32mI (649) wifi_init: tcpip mbox: 32[0m
[0;32mI (649) wifi_init: udp mbox: 6[0m
[0;32mI (649) wifi_init: tcp mbox: 6[0m
[0;32mI (659) wifi_init: tcp tx win: 5760[0m
[0;32mI (659) wifi_init: tcp rx win: 5760[0m
[0;32mI (659) wifi_init: tcp mss: 1440[0m
[0;32mI (659) wifi_init: WiFi IRAM OP enabled[0m
[0;32mI (669) wifi_init: WiFi RX IRAM OP enabled[0m
[0;32mI (679) phy_init: phy_version 4863,a3a4459,Oct 28 2025,14:30:06[0m
[0;32mI (769) wifi:mode : softAP (94:54:c5:e7:0c:d5)[0m
[0;32mI (769) wifi:Total power save buffer number: 16[0m
[0;32mI (769) wifi:Init max length of beacon: 752/752[0m
[0;32mI (769) wifi:Init max length of beacon: 752/752[0m
[0;32mI (779) Serv_WifiAp: WiFi AP started. SSID:ESP32_SmartHome Password:47110815 IP:192.168.4.1[0m
[0;32mI (779) esp_netif_lwip: DHCP server started on interface WIFI_AP_DEF with IP: 192.168.4.1[0m
[0;32mI (789) Feat_Light: Light created with id 0 on pin 2[0m
ets Jul 29 2019 12:21:46

rst:0x8 (TG1WDT_SYS_RESET),boot:0x13 (SPI_FAST_FLASH_BOOT)
configsip: 0, SPIWP:0xee
clk_drv:0x00,q_drv:0x00,d_drv:0x00,cs0_drv:0x00,hd_drv:0x00,wp_drv:0x00
mode:DIO, clock div:2
load:0x3fff0040,len:6272
load:0x40078000,len:15848
load:0x40080400,len:3920
entry 0x40080644
[0;32mI (54) boot: ESP-IDF v6.0.1 2nd stage bootloader[0m
[0;32mI (54) boot: compile time May 27 2026 14:22:41[0m
[0;32mI (54) boot: Multicore bootloader[0m
[0;32mI (56) boot: chip revision: v3.1[0m
[0;32mI (59) boot.esp32: SPI Speed      : 40MHz[0m
[0;32mI (63) boot.esp32: SPI Mode       : DIO[0m
[0;32mI (66) boot.esp32: SPI Flash Size : 2MB[0m
[0;33mW (70) boot.esp32: PRO CPU has been reset by WDT[0m
[0;33mW (74) boot.esp32: WDT rst info: PRO CPU PC=0x40081ab1[0m
[0;33mW (79) boot.esp32: WDT rst info: APP CPU PC=0x400955a4[0m
[0;32mI (84) boot: Enabling RNG early entropy source...[0m
[0;32mI (88) boot: Partition Table:[0m
[0;32mI (91) boot: ## Label            Usage          Type ST Offset   Length[0m
[0;32mI (97) boot:  0 nvs              WiFi data        01 02 00009000 00006000[0m
[0;32mI (104) boot:  1 phy_init         RF data          01 01 0000f000 00001000[0m
[0;32mI (110) boot:  2 factory          factory app      00 00 00010000 00100000[0m
[0;32mI (117) boot: End of partition table[0m
[0;32mI (120) esp_image: segment 0: paddr=00010020 vaddr=3f400020 size=1de94h (122516) map[0m
[0;32mI (172) esp_image: segment 1: paddr=0002debc vaddr=3ffb0000 size=0215ch (  8540) load[0m
[0;32mI (175) esp_image: segment 2: paddr=00030020 vaddr=400d0020 size=8fd58h (589144) map[0m
[0;32mI (385) esp_image: segment 3: paddr=000bfd80 vaddr=3ffb215c size=023ech (  9196) load[0m
[0;32mI (389) esp_image: segment 4: paddr=000c2174 vaddr=40080000 size=156c0h ( 87744) load[0m
[0;32mI (425) esp_image: segment 5: paddr=000d783c vaddr=50000000 size=00028h (    40) load[0m
[0;32mI (436) boot: Loaded app from partition at offset 0x10000[0m
[0;32mI (436) boot: Disabling RNG early entropy source...[0m
[0;32mI (447) cpu_start: Multicore app[0m
[0;32mI (455) cpu_start: GPIO 3 and 1 are used as console UART I/O pins[0m
[0;32mI (455) cpu_start: Pro cpu start user code[0m
[0;32mI (455) cpu_start: cpu freq: 160000000 Hz[0m
[0;32mI (457) app_init: Application information:[0m
[0;32mI (461) app_init: Project name:     SmartHome[0m
[0;32mI (465) app_init: App version:      1335711-dirty[0m
[0;32mI (470) app_init: Compile time:     May 28 2026 11:32:00[0m
[0;32mI (475) app_init: ELF file SHA256:  c9e75ee60...[0m
[0;32mI (479) app_init: ESP-IDF:          v6.0.1[0m
[0;32mI (483) efuse_init: Min chip rev:     v0.0[0m
[0;32mI (487) efuse_init: Max chip rev:     v3.99 [0m
[0;32mI (491) efuse_init: Chip rev:         v3.1[0m
[0;32mI (495) heap_init: Initializing. RAM available for dynamic allocation:[0m
[0;32mI (501) heap_init: At 3FFAE6E0 len 00001920 (6 KiB): DRAM[0m
[0;32mI (506) heap_init: At 3FFB8A40 len 000275C0 (157 KiB): DRAM[0m
[0;32mI (511) heap_init: At 3FFE0440 len 00003AE0 (14 KiB): D/IRAM[0m
[0;32mI (516) heap_init: At 3FFE4350 len 0001BCB0 (111 KiB): D/IRAM[0m
[0;32mI (522) heap_init: At 400956C0 len 0000A940 (42 KiB): IRAM[0m
[0;33mW (528) spi_flash: Detected boya flash chip but using generic driver. For optimal functionality, enable `SPI_FLASH_SUPPORT_BOYA_CHIP` in menuconfig[0m
[0;32mI (540) spi_flash: detected chip: generic[0m
[0;32mI (544) spi_flash: flash io: dio[0m
[0;33mW (547) spi_flash: Detected size(4096k) larger than the size in the binary image header(2048k). Using the size in the binary image header.[0m
[0;32mI (561) main_task: Started on CPU0[0m
[0;32mI (571) main_task: Calling app_main()[0m
[0;32mI (571) Core_DeMa: 3 devices created.[0m
[0;32mI (631) wifi:wifi driver task: 3ffc063c, prio:23, stack:6656, core=0[0m
[0;32mI (651) wifi:wifi firmware version: b37c951[0m
[0;32mI (651) wifi:wifi certification version: v7.0[0m
[0;32mI (651) wifi:config NVS flash: enabled[0m
[0;32mI (651) wifi:config nano formatting: disabled[0m
[0;32mI (651) wifi:Init data frame dynamic rx buffer num: 32[0m
[0;32mI (661) wifi:Init static rx mgmt buffer num: 5[0m
[0;32mI (661) wifi:Init management short buffer num: 32[0m
[0;32mI (671) wifi:Init dynamic tx buffer num: 32[0m
[0;32mI (671) wifi:Init static rx buffer size: 1600[0m
[0;32mI (671) wifi:Init static rx buffer num: 10[0m
[0;32mI (681) wifi:Init dynamic rx buffer num: 32[0m
[0;32mI (681) wifi_init: rx ba win: 6[0m
[0;32mI (681) wifi_init: accept mbox: 6[0m
[0;32mI (691) wifi_init: tcpip mbox: 32[0m
[0;32mI (691) wifi_init: udp mbox: 6[0m
[0;32mI (691) wifi_init: tcp mbox: 6[0m
[0;32mI (701) wifi_init: tcp tx win: 5760[0m
[0;32mI (701) wifi_init: tcp rx win: 5760[0m
[0;32mI (701) wifi_init: tcp mss: 1440[0m
[0;32mI (701) wifi_init: WiFi IRAM OP enabled[0m
[0;32mI (711) wifi_init: WiFi RX IRAM OP enabled[0m
[0;32mI (721) phy_init: phy_version 4863,a3a4459,Oct 28 2025,14:30:06[0m
[0;32mI (801) wifi:mode : softAP (94:54:c5:e7:0c:d5)[0m
[0;32mI (811) wifi:Total power save buffer number: 16[0m
[0;32mI (811) wifi:Init max length of beacon: 752/752[0m
[0;32mI (811) wifi:Init max length of beacon: 752/752[0m
[0;32mI (821) Serv_WifiAp: WiFi AP started. SSID:ESP32_SmartHome Password:47110815 IP:192.168.4.1[0m
[0;32mI (821) esp_netif_lwip: DHCP server started on interface WIFI_AP_DEF with IP: 192.168.4.1[0m
[0;32mI (831) Feat_Light: Light created with id 0 on pin 2[0m
ets Jul 29 2019 12:21:46

rst:0x8 (TG1WDT_SYS_RESET),boot:0x13 (SPI_FAST_FLASH_BOOT)
configsip: 0, SPIWP:0xee
clk_drv:0x00,q_drv:0x00,d_drv:0x00,cs0_drv:0x00,hd_drv:0x00,wp_drv:0x00
mode:DIO, clock div:2
load:0x3fff0040,len:6272
load:0x40078000,len:15848
load:0x40080400,len:3920
entry 0x40080644
[0;32mI (54) boot: ESP-IDF v6.0.1 2nd stage bootloader[0m
[0;32mI (54) boot: compile time May 27 2026 14:22:41[0m
[0;32mI (54) boot: Multicore bootloader[0m
[0;32mI (56) boot: chip revision: v3.1[0m
[0;32mI (59) boot.esp32: SPI Speed      : 40MHz[0m
[0;32mI (63) boot.esp32: SPI Mode       : DIO[0m
[0;32mI (66) boot.esp32: SPI Flash Size : 2MB[0m
[0;33mW (70) boot.esp32: PRO CPU has been reset by WDT[0m
[0;33mW (74) boot.esp32: WDT rst info: PRO CPU PC=0x40081ab1[0m
[0;33mW (79) boot.esp32: WDT rst info: APP CPU PC=0x400955a4[0m
[0;32mI (84) boot: Enabling RNG early entropy source...[0m
[0;32mI (88) boot: Partition Table:[0m
[0;32mI (91) boot: ## Label            Usage          Type ST Offset   Length[0m
[0;32mI (97) boot:  0 nvs              WiFi data        01 02 00009000 00006000[0m
[0;32mI (104) boot:  1 phy_init         RF data          01 01 0000f000 00001000[0m
[0;32mI (110) boot:  2 factory          factory app      00 00 00010000 00100000[0m
[0;32mI (117) boot: End of partition table[0m
[0;32mI (120) esp_image: segment 0: paddr=00010020 vaddr=3f400020 size=1de94h (122516) map[0m
[0;32mI (172) esp_image: segment 1: paddr=0002debc vaddr=3ffb0000 size=0215ch (  8540) load[0m
[0;32mI (175) esp_image: segment 2: paddr=00030020 vaddr=400d0020 size=8fd58h (589144) map[0m
[0;32mI (385) esp_image: segment 3: paddr=000bfd80 vaddr=3ffb215c size=023ech (  9196) load[0m
[0;32mI (389) esp_image: segment 4: paddr=000c2174 vaddr=40080000 size=156c0h ( 87744) load[0m
[0;32mI (425) esp_image: segment 5: paddr=000d783c vaddr=50000000 size=00028h (    40) load[0m
[0;32mI (436) boot: Loaded app from partition at offset 0x10000[0m
[0;32mI (436) boot: Disabling RNG early entropy source...[0m
[0;32mI (447) cpu_start: Multicore app[0m
[0;32mI (455) cpu_start: GPIO 3 and 1 are used as console UART I/O pins[0m
[0;32mI (455) cpu_start: Pro cpu start user code[0m
[0;32mI (455) cpu_start: cpu freq: 160000000 Hz[0m
[0;32mI (457) app_init: Application information:[0m
[0;32mI (461) app_init: Project name:     SmartHome[0m
[0;32mI (465) app_init: App version:      1335711-dirty[0m
[0;32mI (470) app_init: Compile time:     May 28 2026 11:32:00[0m
[0;32mI (475) app_init: ELF file SHA256:  c9e75ee60...[0m
[0;32mI (479) app_init: ESP-IDF:          v6.0.1[0m
[0;32mI (483) efuse_init: Min chip rev:     v0.0[0m
[0;32mI (487) efuse_init: Max chip rev:     v3.99 [0m
[0;32mI (491) efuse_init: Chip rev:         v3.1[0m
[0;32mI (495) heap_init: Initializing. RAM available for dynamic allocation:[0m
[0;32mI (501) heap_init: At 3FFAE6E0 len 00001920 (6 KiB): DRAM[0m
[0;32mI (506) heap_init: At 3FFB8A40 len 000275C0 (157 KiB): DRAM[0m
[0;32mI (511) heap_init: At 3FFE0440 len 00003AE0 (14 KiB): D/IRAM[0m
[0;32mI (516) heap_init: At 3FFE4350 len 0001BCB0 (111 KiB): D/IRAM[0m
[0;32mI (522) heap_init: At 400956C0 len 0000A940 (42 KiB): IRAM[0m
[0;33mW (528) spi_flash: Detected boya flash chip but using generic driver. For optimal functionality, enable `SPI_FLASH_SUPPORT_BOYA_CHIP` in menuconfig[0m
[0;32mI (540) spi_flash: detected chip: generic[0m
[0;32mI (544) spi_flash: flash io: dio[0m
[0;33mW (547) spi_flash: Detected size(4096k) larger than the size in the binary image header(2048k). Using the size in the binary image header.[0m
[0;32mI (561) main_task: Started on CPU0[0m
[0;32mI (571) main_task: Calling app_main()[0m
[0;32mI (571) Core_DeMa: 3 devices created.[0m
[0;32mI (631) wifi:wifi driver task: 3ffc063c, prio:23, stack:6656, core=0[0m
[0;32mI (651) wifi:wifi firmware version: b37c951[0m
[0;32mI (651) wifi:wifi certification version: v7.0[0m
[0;32mI (651) wifi:config NVS flash: enabled[0m
[0;32mI (651) wifi:config nano formatting: disabled[0m
[0;32mI (651) wifi:Init data frame dynamic rx buffer num: 32[0m
[0;32mI (661) wifi:Init static rx mgmt buffer num: 5[0m
[0;32mI (661) wifi:Init management short buffer num: 32[0m
[0;32mI (671) wifi:Init dynamic tx buffer num: 32[0m
[0;32mI (671) wifi:Init static rx buffer size: 1600[0m
[0;32mI (671) wifi:Init static rx buffer num: 10[0m
[0;32mI (681) wifi:Init dynamic rx buffer num: 32[0m
[0;32mI (681) wifi_init: rx ba win: 6[0m
[0;32mI (681) wifi_init: accept mbox: 6[0m
[0;32mI (691) wifi_init: tcpip mbox: 32[0m
[0;32mI (691) wifi_init: udp mbox: 6[0m
[0;32mI (691) wifi_init: tcp mbox: 6[0m
[0;32mI (701) wifi_init: tcp tx win: 5760[0m
[0;32mI (701) wifi_init: tcp rx win: 5760[0m
[0;32mI (701) wifi_init: tcp mss: 1440[0m
[0;32mI (701) wifi_init: WiFi IRAM OP enabled[0m
[0;32mI (711) wifi_init: WiFi RX IRAM OP enabled[0m
[0;32mI (721) phy_init: phy_version 4863,a3a4459,Oct 28 2025,14:30:06[0m
[0;32mI (801) wifi:mode : softAP (94:54:c5:e7:0c:d5)[0m
[0;32mI (811) wifi:Total power save buffer number: 16[0m
[0;32mI (811) wifi:Init max length of beacon: 752/752[0m
[0;32mI (811) wifi:Init max length of beacon: 752/752[0m
[0;32mI (821) Serv_WifiAp: WiFi AP started. SSID:ESP32_SmartHome Password:47110815 IP:192.168.4.1[0m
[0;32mI (821) esp_netif_lwip: DHCP server started on interface WIFI_AP_DEF with IP: 192.168.4.1[0m
[0;32mI (831) Feat_Light: Light created with id 0 on pin 2[0m
ets Jul 29 2019 12:21:46

rst:0x8 (TG1WDT_SYS_RESET),boot:0x13 (SPI_FAST_FLASH_BOOT)
configsip: 0, SPIWP:0xee
clk_drv:0x00,q_drv:0x00,d_drv:0x00,cs0_drv:0x00,hd_drv:0x00,wp_drv:0x00
mode:DIO, clock div:2
load:0x3fff0040,len:6272
load:0x40078000,len:15848
load:0x40080400,len:3920
entry 0x40080644
[0;32mI (54) boot: ESP-IDF v6.0.1 2nd stage bootloader[0m
[0;32mI (54) boot: compile time May 27 2026 14:22:41[0m
[0;32mI (54) boot: Multicore bootloader[0m
[0;32mI (56) boot: chip revision: v3.1[0m
[0;32mI (59) boot.esp32: SPI Speed      : 40MHz[0m
[0;32mI (63) boot.esp32: SPI Mode       : DIO[0m
[0;32mI (66) boot.esp32: SPI Flash Size : 2MB[0m
[0;33mW (70) boot.esp32: PRO CPU has been reset by WDT[0m
[0;33mW (74) boot.esp32: WDT rst info: PRO CPU PC=0x40081ab1[0m
[0;33mW (79) boot.esp32: WDT rst info: APP CPU PC=0x400955a4[0m
[0;32mI (84) boot: Enabling RNG early entropy source...[0m
[0;32mI (88) boot: Partition Table:[0m
[0;32mI (91) boot: ## Label            Usage          Type ST Offset   Length[0m
[0;32mI (97) boot:  0 nvs              WiFi data        01 02 00009000 00006000[0m
[0;32mI (104) boot:  1 phy_init         RF data          01 01 0000f000 00001000[0m
[0;32mI (110) boot:  2 factory          factory app      00 00 00010000 00100000[0m
[0;32mI (117) boot: End of partition table[0m
[0;32mI (120) esp_image: segment 0: paddr=00010020 vaddr=3f400020 size=1de94h (122516) map[0m
[0;32mI (172) esp_image: segment 1: paddr=0002debc vaddr=3ffb0000 size=0215ch (  8540) load[0m
[0;32mI (175) esp_image: segment 2: paddr=00030020 vaddr=400d0020 size=8fd58h (589144) map[0m
[0;32mI (385) esp_image: segment 3: paddr=000bfd80 vaddr=3ffb215c size=023ech (  9196) load[0m
[0;32mI (389) esp_image: segment 4: paddr=000c2174 vaddr=40080000 size=156c0h ( 87744) load[0m
[0;32mI (425) esp_image: segment 5: paddr=000d783c vaddr=50000000 size=00028h (    40) load[0m
[0;32mI (436) boot: Loaded app from partition at offset 0x10000[0m
[0;32mI (436) boot: Disabling RNG early entropy source...[0m
[0;32mI (447) cpu_start: Multicore app[0m
[0;32mI (455) cpu_start: GPIO 3 and 1 are used as console UART I/O pins[0m
[0;32mI (455) cpu_start: Pro cpu start user code[0m
[0;32mI (455) cpu_start: cpu freq: 160000000 Hz[0m
[0;32mI (457) app_init: Application information:[0m
[0;32mI (461) app_init: Project name:     SmartHome[0m
[0;32mI (465) app_init: App version:      1335711-dirty[0m
[0;32mI (470) app_init: Compile time:     May 28 2026 11:32:00[0m
[0;32mI (475) app_init: ELF file SHA256:  c9e75ee60...[0m
[0;32mI (479) app_init: ESP-IDF:          v6.0.1[0m
[0;32mI (483) efuse_init: Min chip rev:     v0.0[0m
[0;32mI (487) efuse_init: Max chip rev:     v3.99 [0m
[0;32mI (491) efuse_init: Chip rev:         v3.1[0m
[0;32mI (495) heap_init: Initializing. RAM available for dynamic allocation:[0m
[0;32mI (501) heap_init: At 3FFAE6E0 len 00001920 (6 KiB): DRAM[0m
[0;32mI (506) heap_init: At 3FFB8A40 len 000275C0 (157 KiB): DRAM[0m
[0;32mI (511) heap_init: At 3FFE0440 len 00003AE0 (14 KiB): D/IRAM[0m
[0;32mI (516) heap_init: At 3FFE4350 len 0001BCB0 (111 KiB): D/IRAM[0m
[0;32mI (522) heap_init: At 400956C0 len 0000A940 (42 KiB): IRAM[0m
[0;33mW (528) spi_flash: Detected boya flash chip but using generic driver. For optimal functionality, enable `SPI_FLASH_SUPPORT_BOYA_CHIP` in menuconfig[0m
[0;32mI (540) spi_flash: detected chip: generic[0m
[0;32mI (544) spi_flash: flash io: dio[0m
[0;33mW (547) spi_flash: Detected size(4096k) larger than the size in the binary image header(2048k). Using the size in the binary image header.[0m
[0;32mI (561) main_task: Started on CPU0[0m
[0;32mI (571) main_task: Calling app_main()[0m
[0;32mI (571) Core_DeMa: 3 devices created.[0m
[0;32mI (631) wifi:wifi driver task: 3ffc063c, prio:23, stack:6656, core=0[0m
[0;32mI (651) wifi:wifi firmware version: b37c951[0m
[0;32mI (651) wifi:wifi certification version: v7.0[0m
[0;32mI (651) wifi:config NVS flash: enabled[0m
[0;32mI (651) wifi:config nano formatting: disabled[0m
[0;32mI (651) wifi:Init data frame dynamic rx buffer num: 32[0m
[0;32mI (661) wifi:Init static rx mgmt buffer num: 5[0m
[0;32mI (661) wifi:Init management short buffer num: 32[0m
[0;32mI (671) wifi:Init dynamic tx buffer num: 32[0m
[0;32mI (671) wifi:Init static rx buffer size: 1600[0m
[0;32mI (671) wifi:Init static rx buffer num: 10[0m
[0;32mI (681) wifi:Init dynamic rx buffer num: 32[0m
[0;32mI (681) wifi_init: rx ba win: 6[0m
[0;32mI (681) wifi_init: accept mbox: 6[0m
[0;32mI (691) wifi_init: tcpip mbox: 32[0m
[0;32mI (691) wifi_init: udp mbox: 6[0m
[0;32mI (691) wifi_init: tcp mbox: 6[0m
[0;32mI (701) wifi_init: tcp tx win: 5760[0m
[0;32mI (701) wifi_init: tcp rx win: 5760[0m
[0;32mI (701) wifi_init: tcp mss: 1440[0m
[0;32mI (701) wifi_init: WiFi IRAM OP enabled[0m
[0;32mI (711) wifi_init: WiFi RX IRAM OP enabled[0m
[0;32mI (721) phy_init: phy_version 4863,a3a4459,Oct 28 2025,14:30:06[0m
[0;32mI (811) wifi:mode : softAP (94:54:c5:e7:0c:d5)[0m
[0;32mI (811) wifi:Total power save buffer number: 16[0m
[0;32mI (811) wifi:Init max length of beacon: 752/752[0m
[0;32mI (811) wifi:Init max length of beacon: 752/752[0m
[0;32mI (821) Serv_WifiAp: WiFi AP started. SSID:ESP32_SmartHome Password:47110815 IP:192.168.4.1[0m
[0;32mI (821) esp_netif_lwip: DHCP server started on interface WIFI_AP_DEF with IP: 192.168.4.1[0m
[0;32mI (831) Feat_Light: Light created with id 0 on pin 2[0m
ets Jul 29 2019 12:21:46

rst:0x8 (TG1WDT_SYS_RESET),boot:0x13 (SPI_FAST_FLASH_BOOT)
configsip: 0, SPIWP:0xee
clk_drv:0x00,q_drv:0x00,d_drv:0x00,cs0_drv:0x00,hd_drv:0x00,wp_drv:0x00
mode:DIO, clock div:2
load:0x3fff0040,len:6272
load:0x40078000,len:15848
load:0x40080400,len:3920
entry 0x40080644
[0;32mI (54) boot: ESP-IDF v6.0.1 2nd stage bootloader[0m
[0;32mI (54) boot: compile time May 27 2026 14:22:41[0m
[0;32mI (54) boot: Multicore bootloader[0m
[0;32mI (56) boot: chip revision: v3.1[0m
[0;32mI (59) boot.esp32: SPI Speed      : 40MHz[0m
[0;32mI (63) boot.esp32: SPI Mode       : DIO[0m
[0;32mI (66) boot.esp32: SPI Flash Size : 2MB[0m
[0;33mW (70) boot.esp32: PRO CPU has been reset by WDT[0m
[0;33mW (74) boot.esp32: WDT rst info: PRO CPU PC=0x40081ab1[0m
[0;33mW (79) boot.esp32: WDT rst info: APP CPU PC=0x40081ac5[0m
[0;32mI (84) boot: Enabling RNG early entropy source...[0m
[0;32mI (88) boot: Partition Table:[0m
[0;32mI (91) boot: ## Label            Usage          Type ST Offset   Length[0m
[0;32mI (97) boot:  0 nvs              WiFi data        01 02 00009000 00006000[0m
[0;32mI (104) boot:  1 phy_init         RF data          01 01 0000f000 00001000[0m
[0;32mI (110) boot:  2 factory          factory app      00 00 00010000 00100000[0m
[0;32mI (117) boot: End of partition table[0m
[0;32mI (120) esp_image: segment 0: paddr=00010020 vaddr=3f400020 size=1de94h (122516) map[0m
[0;32mI (172) esp_image: segment 1: paddr=0002debc vaddr=3ffb0000 size=0215ch (  8540) load[0m
[0;32mI (175) esp_image: segment 2: paddr=00030020 vaddr=400d0020 size=8fd58h (589144) map[0m
[0;32mI (385) esp_image: segment 3: paddr=000bfd80 vaddr=3ffb215c size=023ech (  9196) load[0m
[0;32mI (389) esp_image: segment 4: paddr=000c2174 vaddr=40080000 size=156c0h ( 87744) load[0m
[0;32mI (425) esp_image: segment 5: paddr=000d783c vaddr=50000000 size=00028h (    40) load[0m
[0;32mI (436) boot: Loaded app from partition at offset 0x10000[0m
[0;32mI (436) boot: Disabling RNG early entropy source...[0m
[0;32mI (447) cpu_start: Multicore app[0m
[0;32mI (455) cpu_start: GPIO 3 and 1 are used as console UART I/O pins[0m
[0;32mI (455) cpu_start: Pro cpu start user code[0m
[0;32mI (455) cpu_start: cpu freq: 160000000 Hz[0m
[0;32mI (457) app_init: Application information:[0m
[0;32mI (461) app_init: Project name:     SmartHome[0m
[0;32mI (465) app_init: App version:      1335711-dirty[0m
[0;32mI (470) app_init: Compile time:     May 28 2026 11:32:00[0m
[0;32mI (475) app_init: ELF file SHA256:  c9e75ee60...[0m
[0;32mI (479) app_init: ESP-IDF:          v6.0.1[0m
[0;32mI (483) efuse_init: Min chip rev:     v0.0[0m
[0;32mI (487) efuse_init: Max chip rev:     v3.99 [0m
[0;32mI (491) efuse_init: Chip rev:         v3.1[0m
[0;32mI (495) heap_init: Initializing. RAM available for dynamic allocation:[0m
[0;32mI (501) heap_init: At 3FFAE6E0 len 00001920 (6 KiB): DRAM[0m
[0;32mI (506) heap_init: At 3FFB8A40 len 000275C0 (157 KiB): DRAM[0m
[0;32mI (511) heap_init: At 3FFE0440 len 00003AE0 (14 KiB): D/IRAM[0m
[0;32mI (516) heap_init: At 3FFE4350 len 0001BCB0 (111 KiB): D/IRAM[0m
[0;32mI (522) heap_init: At 400956C0 len 0000A940 (42 KiB): IRAM[0m
[0;33mW (528) spi_flash: Detected boya flash chip but using generic driver. For optimal functionality, enable `SPI_FLASH_SUPPORT_BOYA_CHIP` in menuconfig[0m
[0;32mI (540) spi_flash: detected chip: generic[0m
[0;32mI (544) spi_flash: flash io: dio[0m
[0;33mW (547) spi_flash: Detected size(4096k) larger than the size in the binary image header(2048k). Using the size in the binary image header.[0m
[0;32mI (561) main_task: Started on CPU0[0m
[0;32mI (571) main_task: Calling app_main()[0m
[0;32mI (571) Core_DeMa: 3 devices created.[0m
[0;32mI (631) wifi:wifi driver task: 3ffc063c, prio:23, stack:6656, core=0[0m
[0;32mI (651) wifi:wifi firmware version: b37c951[0m
[0;32mI (651) wifi:wifi certification version: v7.0[0m
[0;32mI (651) wifi:config NVS flash: enabled[0m
[0;32mI (651) wifi:config nano formatting: disabled[0m
[0;32mI (651) wifi:Init data frame dynamic rx buffer num: 32[0m
[0;32mI (661) wifi:Init static rx mgmt buffer num: 5[0m
[0;32mI (661) wifi:Init management short buffer num: 32[0m
[0;32mI (671) wifi:Init dynamic tx buffer num: 32[0m
[0;32mI (671) wifi:Init static rx buffer size: 1600[0m
[0;32mI (671) wifi:Init static rx buffer num: 10[0m
[0;32mI (681) wifi:Init dynamic rx buffer num: 32[0m
[0;32mI (681) wifi_init: rx ba win: 6[0m
[0;32mI (681) wifi_init: accept mbox: 6[0m
[0;32mI (691) wifi_init: tcpip mbox: 32[0m
[0;32mI (691) wifi_init: udp mbox: 6[0m
[0;32mI (691) wifi_init: tcp mbox: 6[0m
[0;32mI (701) wifi_init: tcp tx win: 5760[0m
[0;32mI (701) wifi_init: tcp rx win: 5760[0m
[0;32mI (701) wifi_init: tcp mss: 1440[0m
[0;32mI (701) wifi_init: WiFi IRAM OP enabled[0m
[0;32mI (711) wifi_init: WiFi RX IRAM OP enabled[0m
[0;32mI (721) phy_init: phy_version 4863,a3a4459,Oct 28 2025,14:30:06[0m
[0;32mI (801) wifi:mode : softAP (94:54:c5:e7:0c:d5)[0m
[0;32mI (811) wifi:Total power save buffer number: 16[0m
[0;32mI (811) wifi:Init max length of beacon: 752/752[0m
[0;32mI (811) wifi:Init max length of beacon: 752/752[0m
[0;32mI (821) Serv_WifiAp: WiFi AP started. SSID:ESP32_SmartHome Password:47110815 IP:192.168.4.1[0m
[0;32mI (821) esp_netif_lwip: DHCP server started on interface WIFI_AP_DEF with IP: 192.168.4.1[0m
[0;32mI (831) Feat_Light: Light created with id 0 on pin 2[0m
ets Jul 29 2019 12:21:46

rst:0x8 (TG1WDT_SYS_RESET),boot:0x13 (SPI_FAST_FLASH_BOOT)
configsip: 0, SPIWP:0xee
clk_drv:0x00,q_drv:0x00,d_drv:0x00,cs0_drv:0x00,hd_drv:0x00,wp_drv:0x00
mode:DIO, clock div:2
load:0x3fff0040,len:6272
load:0x40078000,len:15848
load:0x40080400,len:3920
entry 0x40080644
[0;32mI (54) boot: ESP-IDF v6.0.1 2nd stage bootloader[0m
[0;32mI (54) boot: compile time May 27 2026 14:22:41[0m
[0;32mI (54) boot: Multicore bootloader[0m
[0;32mI (56) boot: chip revision: v3.1[0m
[0;32mI (59) boot.esp32: SPI Speed      : 40MHz[0m
[0;32mI (63) boot.esp32: SPI Mode       : DIO[0m
[0;32mI (66) boot.esp32: SPI Flash Size : 2MB[0m
[0;33mW (70) boot.esp32: PRO CPU has been reset by WDT[0m
[0;33mW (74) boot.esp32: WDT rst info: PRO CPU PC=0x40081ab1[0m
[0;33mW (79) boot.esp32: WDT rst info: APP CPU PC=0x400955a4[0m
[0;32mI (84) boot: Enabling RNG early entropy source...[0m
[0;32mI (88) boot: Partition Table:[0m
[0;32mI (91) boot: ## Label            Usage          Type ST Offset   Length[0m
[0;32mI (97) boot:  0 nvs              WiFi data        01 02 00009000 00006000[0m
[0;32mI (104) boot:  1 phy_init         RF data          01 01 0000f000 00001000[0m
[0;32mI (110) boot:  2 factory          factory app      00 00 00010000 00100000[0m
[0;32mI (117) boot: End of partition table[0m
[0;32mI (120) esp_image: segment 0: paddr=00010020 vaddr=3f400020 size=1de94h (122516) map[0m
[0;32mI (172) esp_image: segment 1: paddr=0002debc vaddr=3ffb0000 size=0215ch (  8540) load[0m
[0;32mI (175) esp_image: segment 2: paddr=00030020 vaddr=400d0020 size=8fd58h (589144) map[0m
[0;32mI (385) esp_image: segment 3: paddr=000bfd80 vaddr=3ffb215c size=023ech (  9196) load[0m
[0;32mI (389) esp_image: segment 4: paddr=000c2174 vaddr=40080000 size=156c0h ( 87744) load[0m
[0;32mI (425) esp_image: segment 5: paddr=000d783c vaddr=50000000 size=00028h (    40) load[0m
[0;32mI (436) boot: Loaded app from partition at offset 0x10000[0m
[0;32mI (436) boot: Disabling RNG early entropy source...[0m
[0;32mI (447) cpu_start: Multicore app[0m
[0;32mI (455) cpu_start: GPIO 3 and 1 are used as console UART I/O pins[0m
[0;32mI (455) cpu_start: Pro cpu start user code[0m
[0;32mI (455) cpu_start: cpu freq: 160000000 Hz[0m
[0;32mI (457) app_init: Application information:[0m
[0;32mI (461) app_init: Project name:     SmartHome[0m
[0;32mI (465) app_init: App version:      1335711-dirty[0m
[0;32mI (470) app_init: Compile time:     May 28 2026 11:32:00[0m
[0;32mI (475) app_init: ELF file SHA256:  c9e75ee60...[0m
[0;32mI (479) app_init: ESP-IDF:          v6.0.1[0m
[0;32mI (483) efuse_init: Min chip rev:     v0.0[0m
[0;32mI (487) efuse_init: Max chip rev:     v3.99 [0m
[0;32mI (491) efuse_init: Chip rev:         v3.1[0m
[0;32mI (495) heap_init: Initializing. RAM available for dynamic allocation:[0m
[0;32mI (501) heap_init: At 3FFAE6E0 len 00001920 (6 KiB): DRAM[0m
[0;32mI (506) heap_init: At 3FFB8A40 len 000275C0 (157 KiB): DRAM[0m
[0;32mI (511) heap_init: At 3FFE0440 len 00003AE0 (14 KiB): D/IRAM[0m
[0;32mI (516) heap_init: At 3FFE4350 len 0001BCB0 (111 KiB): D/IRAM[0m
[0;32mI (522) heap_init: At 400956C0 len 0000A940 (42 KiB): IRAM[0m
[0;33mW (528) spi_flash: Detected boya flash chip but using generic driver. For optimal functionality, enable `SPI_FLASH_SUPPORT_BOYA_CHIP` in menuconfig[0m
[0;32mI (540) spi_flash: detected chip: generic[0m
[0;32mI (544) spi_flash: flash io: dio[0m
[0;33mW (547) spi_flash: Detected size(4096k) larger than the size in the binary image header(2048k). Using the size in the binary image header.[0m
[0;32mI (561) main_task: Started on CPU0[0m
[0;32mI (571) main_task: Calling app_main()[0m
[0;32mI (571) Core_DeMa: 3 devices created.[0m
[0;32mI (631) wifi:wifi driver task: 3ffc063c, prio:23, stack:6656, core=0[0m
[0;32mI (651) wifi:wifi firmware version: b37c951[0m
[0;32mI (651) wifi:wifi certification version: v7.0[0m
[0;32mI (651) wifi:config NVS flash: enabled[0m
[0;32mI (651) wifi:config nano formatting: disabled[0m
[0;32mI (651) wifi:Init data frame dynamic rx buffer num: 32[0m
[0;32mI (661) wifi:Init static rx mgmt buffer num: 5[0m
[0;32mI (661) wifi:Init management short buffer num: 32[0m
[0;32mI (671) wifi:Init dynamic tx buffer num: 32[0m
[0;32mI (671) wifi:Init static rx buffer size: 1600[0m
[0;32mI (671) wifi:Init static rx buffer num: 10[0m
[0;32mI (681) wifi:Init dynamic rx buffer num: 32[0m
[0;32mI (681) wifi_init: rx ba win: 6[0m
[0;32mI (681) wifi_init: accept mbox: 6[0m
[0;32mI (691) wifi_init: tcpip mbox: 32[0m
[0;32mI (691) wifi_init: udp mbox: 6[0m
[0;32mI (691) wifi_init: tcp mbox: 6[0m
[0;32mI (701) wifi_init: tcp tx win: 5760[0m
[0;32mI (701) wifi_init: tcp rx win: 5760[0m
[0;32mI (701) wifi_init: tcp mss: 1440[0m
[0;32mI (701) wifi_init: WiFi IRAM OP enabled[0m
[0;32mI (711) wifi_init: WiFi RX IRAM OP enabled[0m
[0;32mI (721) phy_init: phy_version 4863,a3a4459,Oct 28 2025,14:30:06[0m
[0;32mI (801) phy_init: Saving new calibration data due to checksum failure or outdated calibration data, mode(0)[0m
[0;32mI (871) wifi:mode : softAP (94:54:c5:e7:0c:d5)[0m
[0;32mI (881) wifi:Total power save buffer number: 16[0m
[0;32mI (881) wifi:Init max length of beacon: 752/752[0m
[0;32mI (881) wifi:Init max length of beacon: 752/752[0m
[0;32mI (891) Serv_WifiAp: WiFi AP started. SSID:ESP32_SmartHome Password:47110815 IP:192.168.4.1[0m
[0;32mI (891) esp_netif_lwip: DHCP server started on interface WIFI_AP_DEF with IP: 192.168.4.1[0m
[0;32mI (901) Feat_Light: Light created with id 0 on pin 2[0m
ets Jul 29 2019 12:21:46

rst:0x8 (TG1WDT_SYS_RESET),boot:0x13 (SPI_FAST_FLASH_BOOT)
configsip: 0, SPIWP:0xee
clk_drv:0x00,q_drv:0x00,d_drv:0x00,cs0_drv:0x00,hd_drv:0x00,wp_drv:0x00
mode:DIO, clock div:2
load:0x3fff0040,len:6272
load:0x40078000,len:15848
load:0x40080400,len:3920
entry 0x40080644
[0;32mI (54) boot: ESP-IDF v6.0.1 2nd stage bootloader[0m
[0;32mI (54) boot: compile time May 27 2026 14:22:41[0m
[0;32mI (54) boot: Multicore bootloader[0m
[0;32mI (56) boot: chip revision: v3.1[0m
[0;32mI (59) boot.esp32: SPI Speed      : 40MHz[0m
[0;32mI (63) boot.esp32: SPI Mode       : DIO[0m
[0;32mI (66) boot.esp32: SPI Flash Size : 2MB[0m
[0;33mW (70) boot.esp32: PRO CPU has been reset by WDT[0m
[0;33mW (74) boot.esp32: WDT rst info: PRO CPU PC=0x40081ab1[0m
[0;33mW (79) boot.esp32: WDT rst info: APP CPU PC=0x400955a4[0m
[0;32mI (84) boot: Enabling RNG early entropy source...[0m
[0;32mI (88) boot: Partition Table:[0m
[0;32mI (91) boot: ## Label            Usage          Type ST Offset   Length[0m
[0;32mI (97) boot:  0 nvs              WiFi data        01 02 00009000 00006000[0m
[0;32mI (104) boot:  1 phy_init         RF data          01 01 0000f000 00001000[0m
[0;32mI (110) boot:  2 factory          factory app      00 00 00010000 00100000[0m
[0;32mI (117) boot: End of partition table[0m
[0;32mI (120) esp_image: segment 0: paddr=00010020 vaddr=3f400020 size=1de94h (122516) map[0m
[0;32mI (172) esp_image: segment 1: paddr=0002debc vaddr=3ffb0000 size=0215ch (  8540) load[0m
[0;32mI (175) esp_image: segment 2: paddr=00030020 vaddr=400d0020 size=8fd58h (589144) map[0m
[0;32mI (385) esp_image: segment 3: paddr=000bfd80 vaddr=3ffb215c size=023ech (  9196) load[0m
[0;32mI (389) esp_image: segment 4: paddr=000c2174 vaddr=40080000 size=156c0h ( 87744) load[0m
[0;32mI (425) esp_image: segment 5: paddr=000d783c vaddr=50000000 size=00028h (    40) load[0m
[0;32mI (436) boot: Loaded app from partition at offset 0x10000[0m
[0;32mI (436) boot: Disabling RNG early entropy source...[0m
[0;32mI (447) cpu_start: Multicore app[0m
[0;32mI (455) cpu_start: GPIO 3 and 1 are used as console UART I/O pins[0m
[0;32mI (455) cpu_start: Pro cpu start user code[0m
[0;32mI (455) cpu_start: cpu freq: 160000000 Hz[0m
[0;32mI (457) app_init: Application information:[0m
[0;32mI (461) app_init: Project name:     SmartHome[0m
[0;32mI (465) app_init: App version:      1335711-dirty[0m
[0;32mI (470) app_init: Compile time:     May 28 2026 11:32:00[0m
[0;32mI (475) app_init: ELF file SHA256:  c9e75ee60...[0m
[0;32mI (479) app_init: ESP-IDF:          v6.0.1[0m
[0;32mI (483) efuse_init: Min chip rev:     v0.0[0m
[0;32mI (487) efuse_init: Max chip rev:     v3.99 [0m
[0;32mI (491) efuse_init: Chip rev:         v3.1[0m
[0;32mI (495) heap_init: Initializing. RAM available for dynamic allocation:[0m
[0;32mI (501) heap_init: At 3FFAE6E0 len 00001920 (6 KiB): DRAM[0m
[0;32mI (506) heap_init: At 3FFB8A40 len 000275C0 (157 KiB): DRAM[0m
[0;32mI (511) heap_init: At 3FFE0440 len 00003AE0 (14 KiB): D/IRAM[0m
[0;32mI (516) heap_init: At 3FFE4350 len 0001BCB0 (111 KiB): D/IRAM[0m
[0;32mI (522) heap_init: At 400956C0 len 0000A940 (42 KiB): IRAM[0m
[0;33mW (528) spi_flash: Detected boya flash chip but using generic driver. For optimal functionality, enable `SPI_FLASH_SUPPORT_BOYA_CHIP` in menuconfig[0m
[0;32mI (540) spi_flash: detected chip: generic[0m
[0;32mI (544) spi_flash: flash io: dio[0m
[0;33mW (547) spi_flash: Detected size(4096k) larger than the size in the binary image header(2048k). Using the size in the binary image header.[0m
[0;32mI (561) main_task: Started on CPU0[0m
[0;32mI (571) main_task: Calling app_main()[0m
[0;32mI (571) Core_DeMa: 3 devices created.[0m
[0;32mI (631) wifi:wifi driver task: 3ffc063c, prio:23, stack:6656, core=0[0m
[0;32mI (651) wifi:wifi firmware version: b37c951[0m
[0;32mI (651) wifi:wifi certification version: v7.0[0m
[0;32mI (651) wifi:config NVS flash: enabled[0m
[0;32mI (651) wifi:config nano formatting: disabled[0m
[0;32mI (651) wifi:Init data frame dynamic rx buffer num: 32[0m
[0;32mI (661) wifi:Init static rx mgmt buffer num: 5[0m
[0;32mI (661) wifi:Init management short buffer num: 32[0m
[0;32mI (671) wifi:Init dynamic tx buffer num: 32[0m
[0;32mI (671) wifi:Init static rx buffer size: 1600[0m
[0;32mI (671) wifi:Init static rx buffer num: 10[0m
[0;32mI (681) wifi:Init dynamic rx buffer num: 32[0m
[0;32mI (681) wifi_init: rx ba win: 6[0m
[0;32mI (681) wifi_init: accept mbox: 6[0m
[0;32mI (691) wifi_init: tcpip mbox: 32[0m
[0;32mI (691) wifi_init: udp mbox: 6[0m
[0;32mI (691) wifi_init: tcp mbox: 6[0m
[0;32mI (701) wifi_init: tcp tx win: 5760[0m
[0;32mI (701) wifi_init: tcp rx win: 5760[0m
[0;32mI (701) wifi_init: tcp mss: 1440[0m
[0;32mI (701) wifi_init: WiFi IRAM OP enabled[0m
[0;32mI (711) wifi_init: WiFi RX IRAM OP enabled[0m
[0;32mI (721) phy_init: phy_version 4863,a3a4459,Oct 28 2025,14:30:06[0m
[0;32mI (801) phy_init: Saving new calibration data due to checksum failure or outdated calibration data, mode(0)[0m
[0;32mI (831) wifi:mode : softAP (94:54:c5:e7:0c:d5)[0m
[0;32mI (841) wifi:Total power save buffer number: 16[0m
[0;32mI (841) wifi:Init max length of beacon: 752/752[0m
[0;32mI (841) wifi:Init max length of beacon: 752/752[0m
[0;32mI (841) Serv_WifiAp: WiFi AP started. SSID:ESP32_SmartHome Password:47110815 IP:192.168.4.1[0m
[0;32mI (841) esp_netif_lwip: DHCP server started on interface WIFI_AP_DEF with IP: 192.168.4.1[0m
[0;32mI (861) Feat_Light: Light created with id 0 on pin 2[0m
ets Jul 29 2019 12:21:46

rst:0x8 (TG1WDT_SYS_RESET),boot:0x13 (SPI_FAST_FLASH_BOOT)
configsip: 0, SPIWP:0xee
clk_drv:0x00,q_drv:0x00,d_drv:0x00,cs0_drv:0x00,hd_drv:0x00,wp_drv:0x00
mode:DIO, clock div:2
load:0x3fff0040,len:6272
load:0x40078000,len:15848
load:0x40080400,len:3920
entry 0x40080644
[0;32mI (54) boot: ESP-IDF v6.0.1 2nd stage bootloader[0m
[0;32mI (54) boot: compile time May 27 2026 14:22:41[0m
[0;32mI (54) boot: Multicore bootloader[0m
[0;32mI (56) boot: chip revision: v3.1[0m
[0;32mI (59) boot.esp32: SPI Speed      : 40MHz[0m
[0;32mI (63) boot.esp32: SPI Mode       : DIO[0m
[0;32mI (66) boot.esp32: SPI Flash Size : 2MB[0m
[0;33mW (70) boot.esp32: PRO CPU has been reset by WDT[0m
[0;33mW (74) boot.esp32: WDT rst info: PRO CPU PC=0x40081ab1[0m
[0;33mW (79) boot.esp32: WDT rst info: APP CPU PC=0x400955a4[0m
[0;32mI (84) boot: Enabling RNG early entropy source...[0m
[0;32mI (88) boot: Partition Table:[0m
[0;32mI (91) boot: ## Label            Usage          Type ST Offset   Length[0m
[0;32mI (97) boot:  0 nvs              WiFi data        01 02 00009000 00006000[0m
[0;32mI (104) boot:  1 phy_init         RF data          01 01 0000f000 00001000[0m
[0;32mI (110) boot:  2 factory          factory app      00 00 00010000 00100000[0m
[0;32mI (117) boot: End of partition table[0m
[0;32mI (120) esp_image: segment 0: paddr=00010020 vaddr=3f400020 size=1de94h (122516) map[0m
[0;32mI (172) esp_image: segment 1: paddr=0002debc vaddr=3ffb0000 size=0215ch (  8540) load[0m
[0;32mI (175) esp_image: segment 2: paddr=00030020 vaddr=400d0020 size=8fd58h (589144) map[0m
[0;32mI (385) esp_image: segment 3: paddr=000bfd80 vaddr=3ffb215c size=023ech (  9196) load[0m
[0;32mI (389) esp_image: segment 4: paddr=000c2174 vaddr=40080000 size=156c0h ( 87744) load[0m
[0;32mI (425) esp_image: segment 5: paddr=000d783c vaddr=50000000 size=00028h (    40) load[0m
[0;32mI (436) boot: Loaded app from partition at offset 0x10000[0m
[0;32mI (436) boot: Disabling RNG early entropy source...[0m
[0;32mI (447) cpu_start: Multicore app[0m
[0;32mI (455) cpu_start: GPIO 3 and 1 are used as console UART I/O pins[0m
[0;32mI (455) cpu_start: Pro cpu start user code[0m
[0;32mI (455) cpu_start: cpu freq: 160000000 Hz[0m
[0;32mI (457) app_init: Application information:[0m
[0;32mI (461) app_init: Project name:     SmartHome[0m
[0;32mI (465) app_init: App version:      1335711-dirty[0m
[0;32mI (470) app_init: Compile time:     May 28 2026 11:32:00[0m
[0;32mI (475) app_init: ELF file SHA256:  c9e75ee60...[0m
[0;32mI (479) app_init: ESP-IDF:          v6.0.1[0m
[0;32mI (483) efuse_init: Min chip rev:     v0.0[0m
[0;32mI (487) efuse_init: Max chip rev:     v3.99 [0m
[0;32mI (491) efuse_init: Chip rev:         v3.1[0m
[0;32mI (495) heap_init: Initializing. RAM available for dynamic allocation:[0m
[0;32mI (501) heap_init: At 3FFAE6E0 len 00001920 (6 KiB): DRAM[0m
[0;32mI (506) heap_init: At 3FFB8A40 len 000275C0 (157 KiB): DRAM[0m
[0;32mI (511) heap_init: At 3FFE0440 len 00003AE0 (14 KiB): D/IRAM[0m
[0;32mI (516) heap_init: At 3FFE4350 len 0001BCB0 (111 KiB): D/IRAM[0m
[0;32mI (522) heap_init: At 400956C0 len 0000A940 (42 KiB): IRAM[0m
[0;33mW (528) spi_flash: Detected boya flash chip but using generic driver. For optimal functionality, enable `SPI_FLASH_SUPPORT_BOYA_CHIP` in menuconfig[0m
[0;32mI (540) spi_flash: detected chip: generic[0m
[0;32mI (544) spi_flash: flash io: dio[0m
[0;33mW (547) spi_flash: Detected size(4096k) larger than the size in the binary image header(2048k). Using the size in the binary image header.[0m
[0;32mI (561) main_task: Started on CPU0[0m
[0;32mI (571) main_task: Calling app_main()[0m
[0;32mI (571) Core_DeMa: 3 devices created.[0m
[0;32mI (631) wifi:wifi driver task: 3ffc063c, prio:23, stack:6656, core=0[0m
[0;32mI (651) wifi:wifi firmware version: b37c951[0m
[0;32mI (651) wifi:wifi certification version: v7.0[0m
[0;32mI (651) wifi:config NVS flash: enabled[0m
[0;32mI (651) wifi:config nano formatting: disabled[0m
[0;32mI (651) wifi:Init data frame dynamic rx buffer num: 32[0m
[0;32mI (661) wifi:Init static rx mgmt buffer num: 5[0m
[0;32mI (661) wifi:Init management short buffer num: 32[0m
[0;32mI (671) wifi:Init dynamic tx buffer num: 32[0m
[0;32mI (671) wifi:Init static rx buffer size: 1600[0m
[0;32mI (671) wifi:Init static rx buffer num: 10[0m
[0;32mI (681) wifi:Init dynamic rx buffer num: 32[0m
[0;32mI (681) wifi_init: rx ba win: 6[0m
[0;32mI (681) wifi_init: accept mbox: 6[0m
[0;32mI (691) wifi_init: tcpip mbox: 32[0m
[0;32mI (691) wifi_init: udp mbox: 6[0m
[0;32mI (691) wifi_init: tcp mbox: 6[0m
[0;32mI (701) wifi_init: tcp tx win: 5760[0m
[0;32mI (701) wifi_init: tcp rx win: 5760[0m
[0;32mI (701) wifi_init: tcp mss: 1440[0m
[0;32mI (701) wifi_init: WiFi IRAM OP enabled[0m
[0;32mI (711) wifi_init: WiFi RX IRAM OP enabled[0m
[0;32mI (721) phy_init: phy_version 4863,a3a4459,Oct 28 2025,14:30:06[0m
[0;32mI (801) wifi:mode : softAP (94:54:c5:e7:0c:d5)[0m
[0;32mI (811) wifi:Total power save buffer number: 16[0m
[0;32mI (811) wifi:Init max length of beacon: 752/752[0m
[0;32mI (811) wifi:Init max length of beacon: 752/752[0m
[0;32mI (821) Serv_WifiAp: WiFi AP started. SSID:ESP32_SmartHome Password:47110815 IP:192.168.4.1[0m
[0;32mI (821) esp_netif_lwip: DHCP server started on interface WIFI_AP_DEF with IP: 192.168.4.1[0m
[0;32mI (831) Feat_Light: Light created with id 0 on pin 2[0m
ets Jul 29 2019 12:21:46

rst:0x8 (TG1WDT_SYS_RESET),boot:0x13 (SPI_FAST_FLASH_BOOT)
configsip: 0, SPIWP:0xee
clk_drv:0x00,q_drv:0x00,d_drv:0x00,cs0_drv:0x00,hd_drv:0x00,wp_drv:0x00
mode:DIO, clock div:2
load:0x3fff0040,len:6272
load:0x40078000,len:15848
load:0x40080400,len:3920
entry 0x40080644
[0;32mI (54) boot: ESP-IDF v6.0.1 2nd stage bootloader[0m
[0;32mI (54) boot: compile time May 27 2026 14:22:41[0m
[0;32mI (54) boot: Multicore bootloader[0m
[0;32mI (56) boot: chip revision: v3.1[0m
[0;32mI (59) boot.esp32: SPI Speed      : 40MHz[0m
[0;32mI (63) boot.esp32: SPI Mode       : DIO[0m
[0;32mI (66) boot.esp32: SPI Flash Size : 2MB[0m
[0;33mW (70) boot.esp32: PRO CPU has been reset by WDT[0m
[0;33mW (74) boot.esp32: WDT rst info: PRO CPU PC=0x40081ab1[0m
[0;33mW (79) boot.esp32: WDT rst info: APP CPU PC=0x400955a4[0m
[0;32mI (84) boot: Enabling RNG early entropy source...[0m
[0;32mI (88) boot: Partition Table:[0m
[0;32mI (91) boot: ## Label            Usage          Type ST Offset   Length[0m
[0;32mI (97) boot:  0 nvs              WiFi data        01 02 00009000 00006000[0m
[0;32mI (104) boot:  1 phy_init         RF data          01 01 0000f000 00001000[0m
[0;32mI (110) boot:  2 factory          factory app      00 00 00010000 00100000[0m
[0;32mI (117) boot: End of partition table[0m
[0;32mI (120) esp_image: segment 0: paddr=00010020 vaddr=3f400020 size=1de94h (122516) map[0m
[0;32mI (172) esp_image: segment 1: paddr=0002debc vaddr=3ffb0000 size=0215ch (  8540) load[0m
[0;32mI (175) esp_image: segment 2: paddr=00030020 vaddr=400d0020 size=8fd58h (589144) map[0m
[0;32mI (385) esp_image: segment 3: paddr=000bfd80 vaddr=3ffb215c size=023ech (  9196) load[0m
[0;32mI (389) esp_image: segment 4: paddr=000c2174 vaddr=40080000 size=156c0h ( 87744) load[0m
[0;32mI (425) esp_image: segment 5: paddr=000d783c vaddr=50000000 size=00028h (    40) load[0m
[0;32mI (436) boot: Loaded app from partition at offset 0x10000[0m
[0;32mI (436) boot: Disabling RNG early entropy source...[0m
[0;32mI (447) cpu_start: Multicore app[0m
[0;32mI (455) cpu_start: GPIO 3 and 1 are used as console UART I/O pins[0m
[0;32mI (455) cpu_start: Pro cpu start user code[0m
[0;32mI (455) cpu_start: cpu freq: 160000000 Hz[0m
[0;32mI (457) app_init: Application information:[0m
[0;32mI (461) app_init: Project name:     SmartHome[0m
[0;32mI (465) app_init: App version:      1335711-dirty[0m
[0;32mI (470) app_init: Compile time:     May 28 2026 11:32:00[0m
[0;32mI (475) app_init: ELF file SHA256:  c9e75ee60...[0m
[0;32mI (479) app_init: ESP-IDF:          v6.0.1[0m
[0;32mI (483) efuse_init: Min chip rev:     v0.0[0m
[0;32mI (487) efuse_init: Max chip rev:     v3.99 [0m
[0;32mI (491) efuse_init: Chip rev:         v3.1[0m
[0;32mI (495) heap_init: Initializing. RAM available for dynamic allocation:[0m
[0;32mI (501) heap_init: At 3FFAE6E0 len 00001920 (6 KiB): DRAM[0m
[0;32mI (506) heap_init: At 3FFB8A40 len 000275C0 (157 KiB): DRAM[0m
[0;32mI (511) heap_init: At 3FFE0440 len 00003AE0 (14 KiB): D/IRAM[0m
[0;32mI (516) heap_init: At 3FFE4350 len 0001BCB0 (111 KiB): D/IRAM[0m
[0;32mI (522) heap_init: At 400956C0 len 0000A940 (42 KiB): IRAM[0m
[0;33mW (528) spi_flash: Detected boya flash chip but using generic driver. For optimal functionality, enable `SPI_FLASH_SUPPORT_BOYA_CHIP` in menuconfig[0m
[0;32mI (540) spi_flash: detected chip: generic[0m
[0;32mI (544) spi_flash: flash io: dio[0m
[0;33mW (547) spi_flash: Detected size(4096k) larger than the size in the binary image header(2048k). Using the size in the binary image header.[0m
[0;32mI (561) main_task: Started on CPU0[0m
[0;32mI (571) main_task: Calling app_main()[0m
[0;32mI (571) Core_DeMa: 3 devices created.[0m
[0;32mI (631) wifi:wifi driver task: 3ffc063c, prio:23, stack:6656, core=0[0m
[0;32mI (651) wifi:wifi firmware version: b37c951[0m
[0;32mI (651) wifi:wifi certification version: v7.0[0m
[0;32mI (651) wifi:config NVS flash: enabled[0m
[0;32mI (651) wifi:config nano formatting: disabled[0m
[0;32mI (651) wifi:Init data frame dynamic rx buffer num: 32[0m
[0;32mI (661) wifi:Init static rx mgmt buffer num: 5[0m
[0;32mI (661) wifi:Init management short buffer num: 32[0m
[0;32mI (671) wifi:Init dynamic tx buffer num: 32[0m
[0;32mI (671) wifi:Init static rx buffer size: 1600[0m
[0;32mI (671) wifi:Init static rx buffer num: 10[0m
[0;32mI (681) wifi:Init dynamic rx buffer num: 32[0m
[0;32mI (681) wifi_init: rx ba win: 6[0m
[0;32mI (681) wifi_init: accept mbox: 6[0m
[0;32mI (691) wifi_init: tcpip mbox: 32[0m
[0;32mI (691) wifi_init: udp mbox: 6[0m
[0;32mI (691) wifi_init: tcp mbox: 6[0m
[0;32mI (701) wifi_init: tcp tx win: 5760[0m
[0;32mI (701) wifi_init: tcp rx win: 5760[0m
[0;32mI (701) wifi_init: tcp mss: 1440[0m
[0;32mI (701) wifi_init: WiFi IRAM OP enabled[0m
[0;32mI (711) wifi_init: WiFi RX IRAM OP enabled[0m
[0;32mI (721) phy_init: phy_version 4863,a3a4459,Oct 28 2025,14:30:06[0m
[0;32mI (811) wifi:mode : softAP (94:54:c5:e7:0c:d5)[0m
[0;32mI (821) wifi:Total power save buffer number: 16[0m
[0;32mI (821) wifi:Init max length of beacon: 752/752[0m
[0;32mI (821) wifi:Init max length of beacon: 752/752[0m
[0;32mI (821) Serv_WifiAp: WiFi AP started. SSID:ESP32_SmartHome Password:47110815 IP:192.168.4.1[0m
[0;32mI (821) esp_netif_lwip: DHCP server started on interface WIFI_AP_DEF with IP: 192.168.4.1[0m
[0;32mI (831) Feat_Light: Light created with id 0 on pin 2[0m
ets Jul 29 2019 12:21:46

rst:0x8 (TG1WDT_SYS_RESET),boot:0x13 (SPI_FAST_FLASH_BOOT)
configsip: 0, SPIWP:0xee
clk_drv:0x00,q_drv:0x00,d_drv:0x00,cs0_drv:0x00,hd_drv:0x00,wp_drv:0x00
mode:DIO, clock div:2
load:0x3fff0040,len:6272
load:0x40078000,len:15848
load:0x40080400,len:3920
entry 0x40080644
[0;32mI (54) boot: ESP-IDF v6.0.1 2nd stage bootloader[0m
[0;32mI (54) boot: compile time May 27 2026 14:22:41[0m
[0;32mI (54) boot: Multicore bootloader[0m
[0;32mI (56) boot: chip revision: v3.1[0m
[0;32mI (59) boot.esp32: SPI Speed      : 40MHz[0m
[0;32mI (63) boot.esp32: SPI Mode       : DIO[0m
[0;32mI (66) boot.esp32: SPI Flash Size : 2MB[0m
[0;33mW (70) boot.esp32: PRO CPU has been reset by WDT[0m
[0;33mW (74) boot.esp32: WDT rst info: PRO CPU PC=0x40081ab1[0m
[0;33mW (79) boot.esp32: WDT rst info: APP CPU PC=0x400955a4[0m
[0;32mI (84) boot: Enabling RNG early entropy source...[0m
[0;32mI (88) boot: Partition Table:[0m
[0;32mI (91) boot: ## Label            Usage          Type ST Offset   Length[0m
[0;32mI (97) boot:  0 nvs              WiFi data        01 02 00009000 00006000[0m
[0;32mI (104) boot:  1 phy_init         RF data          01 01 0000f000 00001000[0m
[0;32mI (110) boot:  2 factory          factory app      00 00 00010000 00100000[0m
[0;32mI (117) boot: End of partition table[0m
[0;32mI (120) esp_image: segment 0: paddr=00010020 vaddr=3f400020 size=1de94h (122516) map[0m
[0;32mI (172) esp_image: segment 1: paddr=0002debc vaddr=3ffb0000 size=0215ch (  8540) load[0m
[0;32mI (175) esp_image: segment 2: paddr=00030020 vaddr=400d0020 size=8fd58h (589144) map[0m
[0;32mI (385) esp_image: segment 3: paddr=000bfd80 vaddr=3ffb215c size=023ech (  9196) load[0m
[0;32mI (389) esp_image: segment 4: paddr=000c2174 vaddr=40080000 size=156c0h ( 87744) load[0m
[0;32mI (425) esp_image: segment 5: paddr=000d783c vaddr=50000000 size=00028h (    40) load[0m
[0;32mI (436) boot: Loaded app from partition at offset 0x10000[0m
[0;32mI (436) boot: Disabling RNG early entropy source...[0m
[0;32mI (447) cpu_start: Multicore app[0m
[0;32mI (455) cpu_start: GPIO 3 and 1 are used as console UART I/O pins[0m
[0;32mI (455) cpu_start: Pro cpu start user code[0m
[0;32mI (455) cpu_start: cpu freq: 160000000 Hz[0m
[0;32mI (457) app_init: Application information:[0m
[0;32mI (461) app_init: Project name:     SmartHome[0m
[0;32mI (465) app_init: App version:      1335711-dirty[0m
[0;32mI (470) app_init: Compile time:     May 28 2026 11:32:00[0m
[0;32mI (475) app_init: ELF file SHA256:  c9e75ee60...[0m
[0;32mI (479) app_init: ESP-IDF:          v6.0.1[0m
[0;32mI (483) efuse_init: Min chip rev:     v0.0[0m
[0;32mI (487) efuse_init: Max chip rev:     v3.99 [0m
[0;32mI (491) efuse_init: Chip rev:         v3.1[0m
[0;32mI (495) heap_init: Initializing. RAM available for dynamic allocation:[0m
[0;32mI (501) heap_init: At 3FFAE6E0 len 00001920 (6 KiB): DRAM[0m
[0;32mI (506) heap_init: At 3FFB8A40 len 000275C0 (157 KiB): DRAM[0m
[0;32mI (511) heap_init: At 3FFE0440 len 00003AE0 (14 KiB): D/IRAM[0m
[0;32mI (516) heap_init: At 3FFE4350 len 0001BCB0 (111 KiB): D/IRAM[0m
[0;32mI (522) heap_init: At 400956C0 len 0000A940 (42 KiB): IRAM[0m
[0;33mW (528) spi_flash: Detected boya flash chip but using generic driver. For optimal functionality, enable `SPI_FLASH_SUPPORT_BOYA_CHIP` in menuconfig[0m
[0;32mI (540) spi_flash: detected chip: generic[0m
[0;32mI (544) spi_flash: flash io: dio[0m
[0;33mW (547) spi_flash: Detected size(4096k) larger than the size in the binary image header(2048k). Using the size in the binary image header.[0m
[0;32mI (561) main_task: Started on CPU0[0m
[0;32mI (571) main_task: Calling app_main()[0m
[0;32mI (571) Core_DeMa: 3 devices created.[0m
[0;32mI (631) wifi:wifi driver task: 3ffc063c, prio:23, stack:6656, core=0[0m
[0;32mI (651) wifi:wifi firmware version: b37c951[0m
[0;32mI (651) wifi:wifi certification version: v7.0[0m
[0;32mI (651) wifi:config NVS flash: enabled[0m
[0;32mI (651) wifi:config nano formatting: disabled[0m
[0;32mI (651) wifi:Init data frame dynamic rx buffer num: 32[0m
[0;32mI (661) wifi:Init static rx mgmt buffer num: 5[0m
[0;32mI (661) wifi:Init management short buffer num: 32[0m
[0;32mI (671) wifi:Init dynamic tx buffer num: 32[0m
[0;32mI (671) wifi:Init static rx buffer size: 1600[0m
[0;32mI (671) wifi:Init static rx buffer num: 10[0m
[0;32mI (681) wifi:Init dynamic rx buffer num: 32[0m
[0;32mI (681) wifi_init: rx ba win: 6[0m
[0;32mI (681) wifi_init: accept mbox: 6[0m
[0;32mI (691) wifi_init: tcpip mbox: 32[0m
[0;32mI (691) wifi_init: udp mbox: 6[0m
[0;32mI (691) wifi_init: tcp mbox: 6[0m
[0;32mI (701) wifi_init: tcp tx win: 5760[0m
[0;32mI (701) wifi_init: tcp rx win: 5760[0m
[0;32mI (701) wifi_init: tcp mss: 1440[0m
[0;32mI (701) wifi_init: WiFi IRAM OP enabled[0m
[0;32mI (711) wifi_init: WiFi RX IRAM OP enabled[0m
[0;32mI (721) phy_init: phy_version 4863,a3a4459,Oct 28 2025,14:30:06[0m
[0;32mI (801) wifi:mode : softAP (94:54:c5:e7:0c:d5)[0m
[0;32mI (811) wifi:Total power save buffer number: 16[0m
[0;32mI (811) wifi:Init max length of beacon: 752/752[0m
[0;32mI (811) wifi:Init max length of beacon: 752/752[0m
[0;32mI (821) Serv_WifiAp: WiFi AP started. SSID:ESP32_SmartHome Password:47110815 IP:192.168.4.1[0m
[0;32mI (821) esp_netif_lwip: DHCP server started on interface WIFI_AP_DEF with IP: 192.168.4.1[0m
[0;32mI (831) Feat_Light: Light created with id 0 on pin 2[0m
ets Jul 29 2019 12:21:46

rst:0x8 (TG1WDT_SYS_RESET),boot:0x13 (SPI_FAST_FLASH_BOOT)
configsip: 0, SPIWP:0xee
clk_drv:0x00,q_drv:0x00,d_drv:0x00,cs0_drv:0x00,hd_drv:0x00,wp_drv:0x00
mode:DIO, clock div:2
load:0x3fff0040,len:6272
load:0x40078000,len:15848
load:0x40080400,len:3920
entry 0x40080644
[0;32mI (54) boot: ESP-IDF v6.0.1 2nd stage bootloader[0m
[0;32mI (54) boot: compile time May 27 2026 14:22:41[0m
[0;32mI (54) boot: Multicore bootloader[0m
[0;32mI (56) boot: chip revision: v3.1[0m
[0;32mI (59) boot.esp32: SPI Speed      : 40MHz[0m
[0;32mI (63) boot.esp32: SPI Mode       : DIO[0m
[0;32mI (66) boot.esp32: SPI Flash Size : 2MB[0m
[0;33mW (70) boot.esp32: PRO CPU has been reset by WDT[0m
[0;33mW (74) boot.esp32: WDT rst info: PRO CPU PC=0x40081ab1[0m
[0;33mW (79) boot.esp32: WDT rst info: APP CPU PC=0x400955a4[0m
[0;32mI (84) boot: Enabling RNG early entropy source...[0m
[0;32mI (88) boot: Partition Table:[0m
[0;32mI (91) boot: ## Label            Usage          Type ST Offset   Length[0m
[0;32mI (97) boot:  0 nvs              WiFi data        01 02 00009000 00006000[0m
[0;32mI (104) boot:  1 phy_init         RF data          01 01 0000f000 00001000[0m
[0;32mI (110) boot:  2 factory          factory app      00 00 00010000 00100000[0m
[0;32mI (117) boot: End of partition table[0m
[0;32mI (120) esp_image: segment 0: paddr=00010020 vaddr=3f400020 size=1de94h (122516) map[0m
[0;32mI (172) esp_image: segment 1: paddr=0002debc vaddr=3ffb0000 size=0215ch (  8540) load[0m
[0;32mI (175) esp_image: segment 2: paddr=00030020 vaddr=400d0020 size=8fd58h (589144) map[0m
[0;32mI (385) esp_image: segment 3: paddr=000bfd80 vaddr=3ffb215c size=023ech (  9196) load[0m
[0;32mI (389) esp_image: segment 4: paddr=000c2174 vaddr=40080000 size=156c0h ( 87744) load[0m
[0;32mI (425) esp_image: segment 5: paddr=000d783c vaddr=50000000 size=00028h (    40) load[0m
[0;32mI (436) boot: Loaded app from partition at offset 0x10000[0m
[0;32mI (436) boot: Disabling RNG early entropy source...[0m
[0;32mI (447) cpu_start: Multicore app[0m
[0;32mI (455) cpu_start: GPIO 3 and 1 are used as console UART I/O pins[0m
[0;32mI (455) cpu_start: Pro cpu start user code[0m
[0;32mI (455) cpu_start: cpu freq: 160000000 Hz[0m
[0;32mI (457) app_init: Application information:[0m
[0;32mI (461) app_init: Project name:     SmartHome[0m
[0;32mI (465) app_init: App version:      1335711-dirty[0m
[0;32mI (470) app_init: Compile time:     May 28 2026 11:32:00[0m
[0;32mI (475) app_init: ELF file SHA256:  c9e75ee60...[0m
[0;32mI (479) app_init: ESP-IDF:          v6.0.1[0m
[0;32mI (483) efuse_init: Min chip rev:     v0.0[0m
[0;32mI (487) efuse_init: Max chip rev:     v3.99 [0m
[0;32mI (491) efuse_init: Chip rev:         v3.1[0m
[0;32mI (495) heap_init: Initializing. RAM available for dynamic allocation:[0m
[0;32mI (501) heap_init: At 3FFAE6E0 len 00001920 (6 KiB): DRAM[0m
[0;32mI (506) heap_init: At 3FFB8A40 len 000275C0 (157 KiB): DRAM[0m
[0;32mI (511) heap_init: At 3FFE0440 len 00003AE0 (14 KiB): D/IRAM[0m
[0;32mI (516) heap_init: At 3FFE4350 len 0001BCB0 (111 KiB): D/IRAM[0m
[0;32mI (522) heap_init: At 400956C0 len 0000A940 (42 KiB): IRAM[0m
[0;33mW (528) spi_flash: Detected boya flash chip but using generic driver. For optimal functionality, enable `SPI_FLASH_SUPPORT_BOYA_CHIP` in menuconfig[0m
[0;32mI (540) spi_flash: detected chip: generic[0m
[0;32mI (544) spi_flash: flash io: dio[0m
[0;33mW (547) spi_flash: Detected size(4096k) larger than the size in the binary image header(2048k). Using the size in the binary image header.[0m
[0;32mI (561) main_task: Started on CPU0[0m
[0;32mI (571) main_task: Calling app_main()[0m
[0;32mI (571) Core_DeMa: 3 devices created.[0m
[0;32mI (631) wifi:wifi driver task: 3ffc063c, prio:23, stack:6656, core=0[0m
[0;32mI (651) wifi:wifi firmware version: b37c951[0m
[0;32mI (651) wifi:wifi certification version: v7.0[0m
[0;32mI (651) wifi:config NVS flash: enabled[0m
[0;32mI (651) wifi:config nano formatting: disabled[0m
[0;32mI (651) wifi:Init data frame dynamic rx buffer num: 32[0m
[0;32mI (661) wifi:Init static rx mgmt buffer num: 5[0m
[0;32mI (661) wifi:Init management short buffer num: 32[0m
[0;32mI (671) wifi:Init dynamic tx buffer num: 32[0m
[0;32mI (671) wifi:Init static rx buffer size: 1600[0m
[0;32mI (671) wifi:Init static rx buffer num: 10[0m
[0;32mI (681) wifi:Init dynamic rx buffer num: 32[0m
[0;32mI (681) wifi_init: rx ba win: 6[0m
[0;32mI (681) wifi_init: accept mbox: 6[0m
[0;32mI (691) wifi_init: tcpip mbox: 32[0m
[0;32mI (691) wifi_init: udp mbox: 6[0m
[0;32mI (691) wifi_init: tcp mbox: 6[0m
[0;32mI (701) wifi_init: tcp tx win: 5760[0m
[0;32mI (701) wifi_init: tcp rx win: 5760[0m
[0;32mI (701) wifi_init: tcp mss: 1440[0m
[0;32mI (701) wifi_init: WiFi IRAM OP enabled[0m
[0;32mI (711) wifi_init: WiFi RX IRAM OP enabled[0m
[0;32mI (721) phy_init: phy_version 4863,a3a4459,Oct 28 2025,14:30:06[0m
[0;32mI (811) wifi:mode : softAP (94:54:c5:e7:0c:d5)[0m
[0;32mI (811) wifi:Total power save buffer number: 16[0m
[0;32mI (811) wifi:Init max length of beacon: 752/752[0m
[0;32mI (811) wifi:Init max length of beacon: 752/752[0m
[0;32mI (821) Serv_WifiAp: WiFi AP started. SSID:ESP32_SmartHome Password:47110815 IP:192.168.4.1[0m
[0;32mI (821) esp_netif_lwip: DHCP server started on interface WIFI_AP_DEF with IP: 192.168.4.1[0m
[0;32mI (831) Feat_Light: Light created with id 0 on pin 2[0m
ets Jul 29 2019 12:21:46

rst:0x8 (TG1WDT_SYS_RESET),boot:0x13 (SPI_FAST_FLASH_BOOT)
configsip: 0, SPIWP:0xee
clk_drv:0x00,q_drv:0x00,d_drv:0x00,cs0_drv:0x00,hd_drv:0x00,wp_drv:0x00
mode:DIO, clock div:2
load:0x3fff0040,len:6272
load:0x40078000,len:15848
load:0x40080400,len:3920
entry 0x40080644
[0;32mI (54) boot: ESP-IDF v6.0.1 2nd stage bootloader[0m
[0;32mI (54) boot: compile time May 27 2026 14:22:41[0m
[0;32mI (54) boot: Multicore bootloader[0m
[0;32mI (56) boot: chip revision: v3.1[0m
[0;32mI (59) boot.esp32: SPI Speed      : 40MHz[0m
[0;32mI (63) boot.esp32: SPI Mode       : DIO[0m
[0;32mI (66) boot.esp32: SPI Flash Size : 2MB[0m
[0;33mW (70) boot.esp32: PRO CPU has been reset by WDT[0m
[0;33mW (74) boot.esp32: WDT rst info: PRO CPU PC=0x40081ab1[0m
[0;33mW (79) boot.esp32: WDT rst info: APP CPU PC=0x400955a4[0m
[0;32mI (84) boot: Enabling RNG early entropy source...[0m
[0;32mI (88) boot: Partition Table:[0m
[0;32mI (91) boot: ## Label            Usage          Type ST Offset   Length[0m
[0;32mI (97) boot:  0 nvs              WiFi data        01 02 00009000 00006000[0m
[0;32mI (104) boot:  1 phy_init         RF data          01 01 0000f000 00001000[0m
[0;32mI (110) boot:  2 factory          factory app      00 00 00010000 00100000[0m
[0;32mI (117) boot: End of partition table[0m
[0;32mI (120) esp_image: segment 0: paddr=00010020 vaddr=3f400020 size=1de94h (122516) map[0m
[0;32mI (172) esp_image: segment 1: paddr=0002debc vaddr=3ffb0000 size=0215ch (  8540) load[0m
[0;32mI (175) esp_image: segment 2: paddr=00030020 vaddr=400d0020 size=8fd58h (589144) map[0m
[0;32mI (385) esp_image: segment 3: paddr=000bfd80 vaddr=3ffb215c size=023ech (  9196) load[0m
[0;32mI (389) esp_image: segment 4: paddr=000c2174 vaddr=40080000 size=156c0h ( 87744) load[0m
[0;32mI (425) esp_image: segment 5: paddr=000d783c vaddr=50000000 size=00028h (    40) load[0m
[0;32mI (436) boot: Loaded app from partition at offset 0x10000[0m
[0;32mI (436) boot: Disabling RNG early entropy source...[0m
[0;32mI (447) cpu_start: Multicore app[0m
[0;32mI (455) cpu_start: GPIO 3 and 1 are used as console UART I/O pins[0m
[0;32mI (455) cpu_start: Pro cpu start user code[0m
[0;32mI (455) cpu_start: cpu freq: 160000000 Hz[0m
[0;32mI (457) app_init: Application information:[0m
[0;32mI (461) app_init: Project name:     SmartHome[0m
[0;32mI (465) app_init: App version:      1335711-dirty[0m
[0;32mI (470) app_init: Compile time:     May 28 2026 11:32:00[0m
[0;32mI (475) app_init: ELF file SHA256:  c9e75ee60...[0m
[0;32mI (479) app_init: ESP-IDF:          v6.0.1[0m
[0;32mI (483) efuse_init: Min chip rev:     v0.0[0m
[0;32mI (487) efuse_init: Max chip rev:     v3.99 [0m
[0;32mI (491) efuse_init: Chip rev:         v3.1[0m
[0;32mI (495) heap_init: Initializing. RAM available for dynamic allocation:[0m
[0;32mI (501) heap_init: At 3FFAE6E0 len 00001920 (6 KiB): DRAM[0m
[0;32mI (506) heap_init: At 3FFB8A40 len 000275C0 (157 KiB): DRAM[0m
[0;32mI (511) heap_init: At 3FFE0440 len 00003AE0 (14 KiB): D/IRAM[0m
[0;32mI (516) heap_init: At 3FFE4350 len 0001BCB0 (111 KiB): D/IRAM[0m
[0;32mI (522) heap_init: At 400956C0 len 0000A940 (42 KiB): IRAM[0m
[0;33mW (528) spi_flash: Detected boya flash chip but using generic driver. For optimal functionality, enable `SPI_FLASH_SUPPORT_BOYA_CHIP` in menuconfig[0m
[0;32mI (540) spi_flash: detected chip: generic[0m
[0;32mI (544) spi_flash: flash io: dio[0m
[0;33mW (547) spi_flash: Detected size(4096k) larger than the size in the binary image header(2048k). Using the size in the binary image header.[0m
[0;32mI (561) main_task: Started on CPU0[0m
[0;32mI (571) main_task: Calling app_main()[0m
[0;32mI (571) Core_DeMa: 3 devices created.[0m
[0;32mI (631) wifi:wifi driver task: 3ffc063c, prio:23, stack:6656, core=0[0m
[0;32mI (651) wifi:wifi firmware version: b37c951[0m
[0;32mI (651) wifi:wifi certification version: v7.0[0m
[0;32mI (651) wifi:config NVS flash: enabled[0m
[0;32mI (651) wifi:config nano formatting: disabled[0m
[0;32mI (651) wifi:Init data frame dynamic rx buffer num: 32[0m
[0;32mI (661) wifi:Init static rx mgmt buffer num: 5[0m
[0;32mI (661) wifi:Init management short buffer num: 32[0m
[0;32mI (671) wifi:Init dynamic tx buffer num: 32[0m
[0;32mI (671) wifi:Init static rx buffer size: 1600[0m
[0;32mI (671) wifi:Init static rx buffer num: 10[0m
[0;32mI (681) wifi:Init dynamic rx buffer num: 32[0m
[0;32mI (681) wifi_init: rx ba win: 6[0m
[0;32mI (681) wifi_init: accept mbox: 6[0m
[0;32mI (691) wifi_init: tcpip mbox: 32[0m
[0;32mI (691) wifi_init: udp mbox: 6[0m
[0;32mI (691) wifi_init: tcp mbox: 6[0m
[0;32mI (701) wifi_init: tcp tx win: 5760[0m
[0;32mI (701) wifi_init: tcp rx win: 5760[0m
[0;32mI (701) wifi_init: tcp mss: 1440[0m
[0;32mI (701) wifi_init: WiFi IRAM OP enabled[0m
[0;32mI (711) wifi_init: WiFi RX IRAM OP enabled[0m
[0;32mI (721) phy_init: phy_version 4863,a3a4459,Oct 28 2025,14:30:06[0m
[0;32mI (801) wifi:mode : softAP (94:54:c5:e7:0c:d5)[0m
[0;32mI (811) wifi:Total power save buffer number: 16[0m
[0;32mI (811) wifi:Init max length of beacon: 752/752[0m
[0;32mI (811) wifi:Init max length of beacon: 752/752[0m
[0;32mI (821) Serv_WifiAp: WiFi AP started. SSID:ESP32_SmartHome Password:47110815 IP:192.168.4.1[0m
[0;32mI (821) esp_netif_lwip: DHCP server started on interface WIFI_AP_DEF with IP: 192.168.4.1[0m
[0;32mI (831) Feat_Light: Light created with id 0 on pin 2[0m
ets Jul 29 2019 12:21:46

rst:0x8 (TG1WDT_SYS_RESET),boot:0x13 (SPI_FAST_FLASH_BOOT)
configsip: 0, SPIWP:0xee
clk_drv:0x00,q_drv:0x00,d_drv:0x00,cs0_drv:0x00,hd_drv:0x00,wp_drv:0x00
mode:DIO, clock div:2
load:0x3fff0040,len:6272
load:0x40078000,len:15848
load:0x40080400,len:3920
entry 0x40080644
[0;32mI (54) boot: ESP-IDF v6.0.1 2nd stage bootloader[0m
[0;32mI (54) boot: compile time May 27 2026 14:22:41[0m
[0;32mI (54) boot: Multicore bootloader[0m
[0;32mI (56) boot: chip revision: v3.1[0m
[0;32mI (59) boot.esp32: SPI Speed      : 40MHz[0m
[0;32mI (63) boot.esp32: SPI Mode       : DIO[0m
[0;32mI (66) boot.esp32: SPI Flash Size : 2MB[0m
[0;33mW (70) boot.esp32: PRO CPU has been reset by WDT[0m
[0;33mW (74) boot.esp32: WDT rst info: PRO CPU PC=0x40081ab1[0m
[0;33mW (79) boot.esp32: WDT rst info: APP CPU PC=0x400955a4[0m
[0;32mI (84) boot: Enabling RNG early entropy source...[0m
[0;32mI (88) boot: Partition Table:[0m
[0;32mI (91) boot: ## Label            Usage          Type ST Offset   Length[0m
[0;32mI (97) boot:  0 nvs              WiFi data        01 02 00009000 00006000[0m
[0;32mI (104) boot:  1 phy_init         RF data          01 01 0000f000 00001000[0m
[0;32mI (110) boot:  2 factory          factory app      00 00 00010000 00100000[0m
[0;32mI (117) boot: End of partition table[0m
[0;32mI (120) esp_image: segment 0: paddr=00010020 vaddr=3f400020 size=1de94h (122516) map[0m
[0;32mI (172) esp_image: segment 1: paddr=0002debc vaddr=3ffb0000 size=0215ch (  8540) load[0m
[0;32mI (175) esp_image: segment 2: paddr=00030020 vaddr=400d0020 size=8fd58h (589144) map[0m
[0;32mI (385) esp_image: segment 3: paddr=000bfd80 vaddr=3ffb215c size=023ech (  9196) load[0m
[0;32mI (389) esp_image: segment 4: paddr=000c2174 vaddr=40080000 size=156c0h ( 87744) load[0m
[0;32mI (425) esp_image: segment 5: paddr=000d783c vaddr=50000000 size=00028h (    40) load[0m
[0;32mI (436) boot: Loaded app from partition at offset 0x10000[0m
[0;32mI (436) boot: Disabling RNG early entropy source...[0m
[0;32mI (447) cpu_start: Multicore app[0m
[0;32mI (455) cpu_start: GPIO 3 and 1 are used as console UART I/O pins[0m
[0;32mI (455) cpu_start: Pro cpu start user code[0m
[0;32mI (455) cpu_start: cpu freq: 160000000 Hz[0m
[0;32mI (457) app_init: Application information:[0m
[0;32mI (461) app_init: Project name:     SmartHome[0m
[0;32mI (465) app_init: App version:      1335711-dirty[0m
[0;32mI (470) app_init: Compile time:     May 28 2026 11:32:00[0m
[0;32mI (475) app_init: ELF file SHA256:  c9e75ee60...[0m
[0;32mI (479) app_init: ESP-IDF:          v6.0.1[0m
[0;32mI (483) efuse_init: Min chip rev:     v0.0[0m
[0;32mI (487) efuse_init: Max chip rev:     v3.99 [0m
[0;32mI (491) efuse_init: Chip rev:         v3.1[0m
[0;32mI (495) heap_init: Initializing. RAM available for dynamic allocation:[0m
[0;32mI (501) heap_init: At 3FFAE6E0 len 00001920 (6 KiB): DRAM[0m
[0;32mI (506) heap_init: At 3FFB8A40 len 000275C0 (157 KiB): DRAM[0m
[0;32mI (511) heap_init: At 3FFE0440 len 00003AE0 (14 KiB): D/IRAM[0m
[0;32mI (516) heap_init: At 3FFE4350 len 0001BCB0 (111 KiB): D/IRAM[0m
[0;32mI (522) heap_init: At 400956C0 len 0000A940 (42 KiB): IRAM[0m
[0;33mW (528) spi_flash: Detected boya flash chip but using generic driver. For optimal functionality, enable `SPI_FLASH_SUPPORT_BOYA_CHIP` in menuconfig[0m
[0;32mI (540) spi_flash: detected chip: generic[0m
[0;32mI (544) spi_flash: flash io: dio[0m
[0;33mW (547) spi_flash: Detected size(4096k) larger than the size in the binary image header(2048k). Using the size in the binary image header.[0m
[0;32mI (561) main_task: Started on CPU0[0m
[0;32mI (571) main_task: Calling app_main()[0m
[0;32mI (571) Core_DeMa: 3 devices created.[0m
[0;32mI (631) wifi:wifi driver task: 3ffc063c, prio:23, stack:6656, core=0[0m
[0;32mI (651) wifi:wifi firmware version: b37c951[0m
[0;32mI (651) wifi:wifi certification version: v7.0[0m
[0;32mI (651) wifi:config NVS flash: enabled[0m
[0;32mI (651) wifi:config nano formatting: disabled[0m
[0;32mI (651) wifi:Init data frame dynamic rx buffer num: 32[0m
[0;32mI (661) wifi:Init static rx mgmt buffer num: 5[0m
[0;32mI (661) wifi:Init management short buffer num: 32[0m
[0;32mI (671) wifi:Init dynamic tx buffer num: 32[0m
[0;32mI (671) wifi:Init static rx buffer size: 1600[0m
[0;32mI (671) wifi:Init static rx buffer num: 10[0m
[0;32mI (681) wifi:Init dynamic rx buffer num: 32[0m
[0;32mI (681) wifi_init: rx ba win: 6[0m
[0;32mI (681) wifi_init: accept mbox: 6[0m
[0;32mI (691) wifi_init: tcpip mbox: 32[0m
[0;32mI (691) wifi_init: udp mbox: 6[0m
[0;32mI (691) wifi_init: tcp mbox: 6[0m
[0;32mI (701) wifi_init: tcp tx win: 5760[0m
[0;32mI (701) wifi_init: tcp rx win: 5760[0m
[0;32mI (701) wifi_init: tcp mss: 1440[0m
[0;32mI (701) wifi_init: WiFi IRAM OP enabled[0m
[0;32mI (711) wifi_init: WiFi RX IRAM OP enabled[0m
[0;32mI (721) phy_init: phy_version 4863,a3a4459,Oct 28 2025,14:30:06[0m
[0;32mI (811) wifi:mode : softAP (94:54:c5:e7:0c:d5)[0m
[0;32mI (821) wifi:Total power save buffer number: 16[0m
[0;32mI (821) wifi:Init max length of beacon: 752/752[0m
[0;32mI (821) wifi:Init max length of beacon: 752/752[0m
[0;32mI (821) Serv_WifiAp: WiFi AP started. SSID:ESP32_SmartHome Password:47110815 IP:192.168.4.1[0m
[0;32mI (821) esp_netif_lwip: DHCP server started on interface WIFI_AP_DEF with IP: 192.168.4.1[0m
[0;32mI (841) Feat_Light: Light created with id 0 on pin 2[0m
ets Jul 29 2019 12:21:46

rst:0x8 (TG1WDT_SYS_RESET),boot:0x13 (SPI_FAST_FLASH_BOOT)
configsip: 0, SPIWP:0xee
clk_drv:0x00,q_drv:0x00,d_drv:0x00,cs0_drv:0x00,hd_drv:0x00,wp_drv:0x00
mode:DIO, clock div:2
load:0x3fff0040,len:6272
load:0x40078000,len:15848
load:0x40080400,len:3920
entry 0x40080644
[0;32mI (54) boot: ESP-IDF v6.0.1 2nd stage bootloader[0m
[0;32mI (54) boot: compile time May 27 2026 14:22:41[0m
[0;32mI (54) boot: Multicore bootloader[0m
[0;32mI (56) boot: chip revision: v3.1[0m
[0;32mI (59) boot.esp32: SPI Speed      : 40MHz[0m
[0;32mI (63) boot.esp32: SPI Mode       : DIO[0m
[0;32mI (66) boot.esp32: SPI Flash Size : 2MB[0m
[0;33mW (70) boot.esp32: PRO CPU has been reset by WDT[0m
[0;33mW (74) boot.esp32: WDT rst info: PRO CPU PC=0x40081ab1[0m
[0;33mW (79) boot.esp32: WDT rst info: APP CPU PC=0x400955a4[0m
[0;32mI (84) boot: Enabling RNG early entropy source...[0m
[0;32mI (88) boot: Partition Table:[0m
[0;32mI (91) boot: ## Label            Usage          Type ST Offset   Length[0m
[0;32mI (97) boot:  0 nvs              WiFi data        01 02 00009000 00006000[0m
[0;32mI (104) boot:  1 phy_init         RF data          01 01 0000f000 00001000[0m
[0;32mI (110) boot:  2 factory          factory app      00 00 00010000 00100000[0m
[0;32mI (117) boot: End of partition table[0m
[0;32mI (120) esp_image: segment 0: paddr=00010020 vaddr=3f400020 size=1de94h (122516) map[0m
[0;32mI (172) esp_image: segment 1: paddr=0002debc vaddr=3ffb0000 size=0215ch (  8540) load[0m
[0;32mI (175) esp_image: segment 2: paddr=00030020 vaddr=400d0020 size=8fd58h (589144) map[0m
[0;32mI (385) esp_image: segment 3: paddr=000bfd80 vaddr=3ffb215c size=023ech (  9196) load[0m
[0;32mI (389) esp_image: segment 4: paddr=000c2174 vaddr=40080000 size=156c0h ( 87744) load[0m
[0;32mI (425) esp_image: segment 5: paddr=000d783c vaddr=50000000 size=00028h (    40) load[0m
[0;32mI (436) boot: Loaded app from partition at offset 0x10000[0m
[0;32mI (436) boot: Disabling RNG early entropy source...[0m
[0;32mI (447) cpu_start: Multicore app[0m
[0;32mI (455) cpu_start: GPIO 3 and 1 are used as console UART I/O pins[0m
[0;32mI (455) cpu_start: Pro cpu start user code[0m
[0;32mI (455) cpu_start: cpu freq: 160000000 Hz[0m
[0;32mI (457) app_init: Application information:[0m
[0;32mI (461) app_init: Project name:     SmartHome[0m
[0;32mI (465) app_init: App version:      1335711-dirty[0m
[0;32mI (470) app_init: Compile time:     May 28 2026 11:32:00[0m
[0;32mI (475) app_init: ELF file SHA256:  c9e75ee60...[0m
[0;32mI (479) app_init: ESP-IDF:          v6.0.1[0m
[0;32mI (483) efuse_init: Min chip rev:     v0.0[0m
[0;32mI (487) efuse_init: Max chip rev:     v3.99 [0m
[0;32mI (491) efuse_init: Chip rev:         v3.1[0m
[0;32mI (495) heap_init: Initializing. RAM available for dynamic allocation:[0m
[0;32mI (501) heap_init: At 3FFAE6E0 len 00001920 (6 KiB): DRAM[0m
[0;32mI (506) heap_init: At 3FFB8A40 len 000275C0 (157 KiB): DRAM[0m
[0;32mI (511) heap_init: At 3FFE0440 len 00003AE0 (14 KiB): D/IRAM[0m
[0;32mI (516) heap_init: At 3FFE4350 len 0001BCB0 (111 KiB): D/IRAM[0m
[0;32mI (522) heap_init: At 400956C0 len 0000A940 (42 KiB): IRAM[0m
[0;33mW (528) spi_flash: Detected boya flash chip but using generic driver. For optimal functionality, enable `SPI_FLASH_SUPPORT_BOYA_CHIP` in menuconfig[0m
[0;32mI (540) spi_flash: detected chip: generic[0m
[0;32mI (544) spi_flash: flash io: dio[0m
[0;33mW (547) spi_flash: Detected size(4096k) larger than the size in the binary image header(2048k). Using the size in the binary image header.[0m
[0;32mI (561) main_task: Started on CPU0[0m
[0;32mI (571) main_task: Calling app_main()[0m
[0;32mI (571) Core_DeMa: 3 devices created.[0m
[0;32mI (631) wifi:wifi driver task: 3ffc063c, prio:23, stack:6656, core=0[0m
[0;32mI (651) wifi:wifi firmware version: b37c951[0m
[0;32mI (651) wifi:wifi certification version: v7.0[0m
[0;32mI (651) wifi:config NVS flash: enabled[0m
[0;32mI (651) wifi:config nano formatting: disabled[0m
[0;32mI (651) wifi:Init data frame dynamic rx buffer num: 32[0m
[0;32mI (661) wifi:Init static rx mgmt buffer num: 5[0m
[0;32mI (661) wifi:Init management short buffer num: 32[0m
[0;32mI (671) wifi:Init dynamic tx buffer num: 32[0m
[0;32mI (671) wifi:Init static rx buffer size: 1600[0m
[0;32mI (671) wifi:Init static rx buffer num: 10[0m
[0;32mI (681) wifi:Init dynamic rx buffer num: 32[0m
[0;32mI (681) wifi_init: rx ba win: 6[0m
[0;32mI (681) wifi_init: accept mbox: 6[0m
[0;32mI (691) wifi_init: tcpip mbox: 32[0m
[0;32mI (691) wifi_init: udp mbox: 6[0m
[0;32mI (691) wifi_init: tcp mbox: 6[0m
[0;32mI (701) wifi_init: tcp tx win: 5760[0m
[0;32mI (701) wifi_init: tcp rx win: 5760[0m
[0;32mI (701) wifi_init: tcp mss: 1440[0m
[0;32mI (701) wifi_init: WiFi IRAM OP enabled[0m
[0;32mI (711) wifi_init: WiFi RX IRAM OP enabled[0m
[0;32mI (721) phy_init: phy_version 4863,a3a4459,Oct 28 2025,14:30:06[0m
[0;32mI (811) wifi:mode : softAP (94:54:c5:e7:0c:d5)[0m
[0;32mI (821) wifi:Total power save buffer number: 16[0m
[0;32mI (821) wifi:Init max length of beacon: 752/752[0m
[0;32mI (821) wifi:Init max length of beacon: 752/752[0m
[0;32mI (821) Serv_WifiAp: WiFi AP started. SSID:ESP32_SmartHome Password:47110815 IP:192.168.4.1[0m
[0;32mI (821) esp_netif_lwip: DHCP server started on interface WIFI_AP_DEF with IP: 192.168.4.1[0m
[0;32mI (841) Feat_Light: Light created with id 0 on pin 2[0m
ets Jul 29 2019 12:21:46

rst:0x8 (TG1WDT_SYS_RESET),boot:0x13 (SPI_FAST_FLASH_BOOT)
configsip: 0, SPIWP:0xee
clk_drv:0x00,q_drv:0x00,d_drv:0x00,cs0_drv:0x00,hd_drv:0x00,wp_drv:0x00
mode:DIO, clock div:2
load:0x3fff0040,len:6272
load:0x40078000,len:15848
load:0x40080400,len:3920
entry 0x40080644
[0;32mI (54) boot: ESP-IDF v6.0.1 2nd stage bootloader[0m
[0;32mI (54) boot: compile time May 27 2026 14:22:41[0m
[0;32mI (54) boot: Multicore bootloader[0m
[0;32mI (56) boot: chip revision: v3.1[0m
[0;32mI (59) boot.esp32: SPI Speed      : 40MHz[0m
[0;32mI (63) boot.esp32: SPI Mode       : DIO[0m
[0;32mI (66) boot.esp32: SPI Flash Size : 2MB[0m
[0;33mW (70) boot.esp32: PRO CPU has been reset by WDT[0m
[0;33mW (74) boot.esp32: WDT rst info: PRO CPU PC=0x40081ab1[0m
[0;33mW (79) boot.esp32: WDT rst info: APP CPU PC=0x400955a4[0m
[0;32mI (84) boot: Enabling RNG early entropy source...[0m
[0;32mI (88) boot: Partition Table:[0m
[0;32mI (91) boot: ## Label            Usage          Type ST Offset   Length[0m
[0;32mI (97) boot:  0 nvs              WiFi data        01 02 00009000 00006000[0m
[0;32mI (104) boot:  1 phy_init         RF data          01 01 0000f000 00001000[0m
[0;32mI (110) boot:  2 factory          factory app      00 00 00010000 00100000[0m
[0;32mI (117) boot: End of partition table[0m
[0;32mI (120) esp_image: segment 0: paddr=00010020 vaddr=3f400020 size=1de94h (122516) map[0m
[0;32mI (172) esp_image: segment 1: paddr=0002debc vaddr=3ffb0000 size=0215ch (  8540) load[0m
[0;32mI (175) esp_image: segment 2: paddr=00030020 vaddr=400d0020 size=8fd58h (589144) map[0m
[0;32mI (385) esp_image: segment 3: paddr=000bfd80 vaddr=3ffb215c size=023ech (  9196) load[0m
[0;32mI (389) esp_image: segment 4: paddr=000c2174 vaddr=40080000 size=156c0h ( 87744) load[0m
[0;32mI (425) esp_image: segment 5: paddr=000d783c vaddr=50000000 size=00028h (    40) load[0m
[0;32mI (436) boot: Loaded app from partition at offset 0x10000[0m
[0;32mI (436) boot: Disabling RNG early entropy source...[0m
[0;32mI (447) cpu_start: Multicore app[0m
[0;32mI (455) cpu_start: GPIO 3 and 1 are used as console UART I/O pins[0m
[0;32mI (455) cpu_start: Pro cpu start user code[0m
[0;32mI (455) cpu_start: cpu freq: 160000000 Hz[0m
[0;32mI (457) app_init: Application information:[0m
[0;32mI (461) app_init: Project name:     SmartHome[0m
[0;32mI (465) app_init: App version:      1335711-dirty[0m
[0;32mI (470) app_init: Compile time:     May 28 2026 11:32:00[0m
[0;32mI (475) app_init: ELF file SHA256:  c9e75ee60...[0m
[0;32mI (479) app_init: ESP-IDF:          v6.0.1[0m
[0;32mI (483) efuse_init: Min chip rev:     v0.0[0m
[0;32mI (487) efuse_init: Max chip rev:     v3.99 [0m
[0;32mI (491) efuse_init: Chip rev:         v3.1[0m
[0;32mI (495) heap_init: Initializing. RAM available for dynamic allocation:[0m
[0;32mI (501) heap_init: At 3FFAE6E0 len 00001920 (6 KiB): DRAM[0m
[0;32mI (506) heap_init: At 3FFB8A40 len 000275C0 (157 KiB): DRAM[0m
[0;32mI (511) heap_init: At 3FFE0440 len 00003AE0 (14 KiB): D/IRAM[0m
[0;32mI (516) heap_init: At 3FFE4350 len 0001BCB0 (111 KiB): D/IRAM[0m
[0;32mI (522) heap_init: At 400956C0 len 0000A940 (42 KiB): IRAM[0m
[0;33mW (528) spi_flash: Detected boya flash chip but using generic driver. For optimal functionality, enable `SPI_FLASH_SUPPORT_BOYA_CHIP` in menuconfig[0m
[0;32mI (540) spi_flash: detected chip: generic[0m
[0;32mI (544) spi_flash: flash io: dio[0m
[0;33mW (547) spi_flash: Detected size(4096k) larger than the size in the binary image header(2048k). Using the size in the binary image header.[0m
[0;32mI (561) main_task: Started on CPU0[0m
[0;32mI (571) main_task: Calling app_main()[0m
[0;32mI (571) Core_DeMa: 3 devices created.[0m
[0;32mI (631) wifi:wifi driver task: 3ffc063c, prio:23, stack:6656, core=0[0m
[0;32mI (651) wifi:wifi firmware version: b37c951[0m
[0;32mI (651) wifi:wifi certification version: v7.0[0m
[0;32mI (651) wifi:config NVS flash: enabled[0m
[0;32mI (651) wifi:config nano formatting: disabled[0m
[0;32mI (651) wifi:Init data frame dynamic rx buffer num: 32[0m
[0;32mI (661) wifi:Init static rx mgmt buffer num: 5[0m
[0;32mI (661) wifi:Init management short buffer num: 32[0m
[0;32mI (671) wifi:Init dynamic tx buffer num: 32[0m
[0;32mI (671) wifi:Init static rx buffer size: 1600[0m
[0;32mI (671) wifi:Init static rx buffer num: 10[0m
[0;32mI (681) wifi:Init dynamic rx buffer num: 32[0m
[0;32mI (681) wifi_init: rx ba win: 6[0m
[0;32mI (681) wifi_init: accept mbox: 6[0m
[0;32mI (691) wifi_init: tcpip mbox: 32[0m
[0;32mI (691) wifi_init: udp mbox: 6[0m
[0;32mI (691) wifi_init: tcp mbox: 6[0m
[0;32mI (701) wifi_init: tcp tx win: 5760[0m
[0;32mI (701) wifi_init: tcp rx win: 5760[0m
[0;32mI (701) wifi_init: tcp mss: 1440[0m
[0;32mI (701) wifi_init: WiFi IRAM OP enabled[0m
[0;32mI (711) wifi_init: WiFi RX IRAM OP enabled[0m
[0;32mI (721) phy_init: phy_version 4863,a3a4459,Oct 28 2025,14:30:06[0m
[0;32mI (811) wifi:mode : softAP (94:54:c5:e7:0c:d5)[0m
[0;32mI (811) wifi:Total power save buffer number: 16[0m
[0;32mI (811) wifi:Init max length of beacon: 752/752[0m
[0;32mI (811) wifi:Init max length of beacon: 752/752[0m
[0;32mI (821) Serv_WifiAp: WiFi AP started. SSID:ESP32_SmartHome Password:47110815 IP:192.168.4.1[0m
[0;32mI (821) esp_netif_lwip: DHCP server started on interface WIFI_AP_DEF with IP: 192.168.4.1[0m
[0;32mI (831) Feat_Light: Light created with id 0 on pin 2[0m
ets Jul 29 2019 12:21:46

rst:0x8 (TG1WDT_SYS_RESET),boot:0x13 (SPI_FAST_FLASH_BOOT)
configsip: 0, SPIWP:0xee
clk_drv:0x00,q_drv:0x00,d_drv:0x00,cs0_drv:0x00,hd_drv:0x00,wp_drv:0x00
mode:DIO, clock div:2
load:0x3fff0040,len:6272
load:0x40078000,len:15848
load:0x40080400,len:3920
entry 0x40080644
[0;32mI (54) boot: ESP-IDF v6.0.1 2nd stage bootloader[0m
[0;32mI (54) boot: compile time May 27 2026 14:22:41[0m
[0;32mI (54) boot: Multicore bootloader[0m
[0;32mI (56) boot: chip revision: v3.1[0m
[0;32mI (59) boot.esp32: SPI Speed      : 40MHz[0m
[0;32mI (63) boot.esp32: SPI Mode       : DIO[0m
[0;32mI (66) boot.esp32: SPI Flash Size : 2MB[0m
[0;33mW (70) boot.esp32: PRO CPU has been reset by WDT[0m
[0;33mW (74) boot.esp32: WDT rst info: PRO CPU PC=0x40081ab1[0m
[0;33mW (79) boot.esp32: WDT rst info: APP CPU PC=0x400955a4[0m
[0;32mI (84) boot: Enabling RNG early entropy source...[0m
[0;32mI (88) boot: Partition Table:[0m
[0;32mI (91) boot: ## Label            Usage          Type ST Offset   Length[0m
[0;32mI (97) boot:  0 nvs              WiFi data        01 02 00009000 00006000[0m
[0;32mI (104) boot:  1 phy_init         RF data          01 01 0000f000 00001000[0m
[0;32mI (110) boot:  2 factory          factory app      00 00 00010000 00100000[0m
[0;32mI (117) boot: End of partition table[0m
[0;32mI (120) esp_image: segment 0: paddr=00010020 vaddr=3f400020 size=1de94h (122516) map[0m
[0;32mI (172) esp_image: segment 1: paddr=0002debc vaddr=3ffb0000 size=0215ch (  8540) load[0m
[0;32mI (175) esp_image: segment 2: paddr=00030020 vaddr=400d0020 size=8fd58h (589144) map[0m
[0;32mI (385) esp_image: segment 3: paddr=000bfd80 vaddr=3ffb215c size=023ech (  9196) load[0m
[0;32mI (389) esp_image: segment 4: paddr=000c2174 vaddr=40080000 size=156c0h ( 87744) load[0m
[0;32mI (425) esp_image: segment 5: paddr=000d783c vaddr=50000000 size=00028h (    40) load[0m
[0;32mI (436) boot: Loaded app from partition at offset 0x10000[0m
[0;32mI (436) boot: Disabling RNG early entropy source...[0m
[0;32mI (447) cpu_start: Multicore app[0m
[0;32mI (455) cpu_start: GPIO 3 and 1 are used as console UART I/O pins[0m
[0;32mI (455) cpu_start: Pro cpu start user code[0m
[0;32mI (455) cpu_start: cpu freq: 160000000 Hz[0m
[0;32mI (457) app_init: Application information:[0m
[0;32mI (461) app_init: Project name:     SmartHome[0m
[0;32mI (465) app_init: App version:      1335711-dirty[0m
[0;32mI (470) app_init: Compile time:     May 28 2026 11:32:00[0m
[0;32mI (475) app_init: ELF file SHA256:  c9e75ee60...[0m
[0;32mI (479) app_init: ESP-IDF:          v6.0.1[0m
[0;32mI (483) efuse_init: Min chip rev:     v0.0[0m
[0;32mI (487) efuse_init: Max chip rev:     v3.99 [0m
[0;32mI (491) efuse_init: Chip rev:         v3.1[0m
[0;32mI (495) heap_init: Initializing. RAM available for dynamic allocation:[0m
[0;32mI (501) heap_init: At 3FFAE6E0 len 00001920 (6 KiB): DRAM[0m
[0;32mI (506) heap_init: At 3FFB8A40 len 000275C0 (157 KiB): DRAM[0m
[0;32mI (511) heap_init: At 3FFE0440 len 00003AE0 (14 KiB): D/IRAM[0m
[0;32mI (516) heap_init: At 3FFE4350 len 0001BCB0 (111 KiB): D/IRAM[0m
[0;32mI (522) heap_init: At 400956C0 len 0000A940 (42 KiB): IRAM[0m
[0;33mW (528) spi_flash: Detected boya flash chip but using generic driver. For optimal functionality, enable `SPI_FLASH_SUPPORT_BOYA_CHIP` in menuconfig[0m
[0;32mI (540) spi_flash: detected chip: generic[0m
[0;32mI (544) spi_flash: flash io: dio[0m
[0;33mW (547) spi_flash: Detected size(4096k) larger than the size in the binary image header(2048k). Using the size in the binary image header.[0m
[0;32mI (561) main_task: Started on CPU0[0m
[0;32mI (571) main_task: Calling app_main()[0m
[0;32mI (571) Core_DeMa: 3 devices created.[0m
[0;32mI (631) wifi:wifi driver task: 3ffc063c, prio:23, stack:6656, core=0[0m
[0;32mI (651) wifi:wifi firmware version: b37c951[0m
[0;32mI (651) wifi:wifi certification version: v7.0[0m
[0;32mI (651) wifi:config NVS flash: enabled[0m
[0;32mI (651) wifi:config nano formatting: disabled[0m
[0;32mI (651) wifi:Init data frame dynamic rx buffer num: 32[0m
[0;32mI (661) wifi:Init static rx mgmt buffer num: 5[0m
[0;32mI (661) wifi:Init management short buffer num: 32[0m
[0;32mI (671) wifi:Init dynamic tx buffer num: 32[0m
[0;32mI (671) wifi:Init static rx buffer size: 1600[0m
[0;32mI (671) wifi:Init static rx buffer num: 10[0m
[0;32mI (681) wifi:Init dynamic rx buffer num: 32[0m
[0;32mI (681) wifi_init: rx ba win: 6[0m
[0;32mI (681) wifi_init: accept mbox: 6[0m
[0;32mI (691) wifi_init: tcpip mbox: 32[0m
[0;32mI (691) wifi_init: udp mbox: 6[0m
[0;32mI (691) wifi_init: tcp mbox: 6[0m
[0;32mI (701) wifi_init: tcp tx win: 5760[0m
[0;32mI (701) wifi_init: tcp rx win: 5760[0m
[0;32mI (701) wifi_init: tcp mss: 1440[0m
[0;32mI (701) wifi_init: WiFi IRAM OP enabled[0m
[0;32mI (711) wifi_init: WiFi RX IRAM OP enabled[0m
[0;32mI (721) phy_init: phy_version 4863,a3a4459,Oct 28 2025,14:30:06[0m
[0;32mI (811) wifi:mode : softAP (94:54:c5:e7:0c:d5)[0m
[0;32mI (821) wifi:Total power save buffer number: 16[0m
[0;32mI (821) wifi:Init max length of beacon: 752/752[0m
[0;32mI (821) wifi:Init max length of beacon: 752/752[0m
[0;32mI (821) Serv_WifiAp: WiFi AP started. SSID:ESP32_SmartHome Password:47110815 IP:192.168.4.1[0m
[0;32mI (821) esp_netif_lwip: DHCP server started on interface WIFI_AP_DEF with IP: 192.168.4.1[0m
[0;32mI (841) Feat_Light: Light created with id 0 on pin 2[0m
ets Jul 29 2019 12:21:46

rst:0x8 (TG1WDT_SYS_RESET),boot:0x13 (SPI_FAST_FLASH_BOOT)
configsip: 0, SPIWP:0xee
clk_drv:0x00,q_drv:0x00,d_drv:0x00,cs0_drv:0x00,hd_drv:0x00,wp_drv:0x00
mode:DIO, clock div:2
load:0x3fff0040,len:6272
load:0x40078000,len:15848
load:0x40080400,len:3920
entry 0x40080644
[0;32mI (54) boot: ESP-IDF v6.0.1 2nd stage bootloader[0m
[0;32mI (54) boot: compile time May 27 2026 14:22:41[0m
[0;32mI (54) boot: Multicore bootloader[0m
[0;32mI (56) boot: chip revision: v3.1[0m
[0;32mI (59) boot.esp32: SPI Speed      : 40MHz[0m
[0;32mI (63) boot.esp32: SPI Mode       : DIO[0m
[0;32mI (66) boot.esp32: SPI Flash Size : 2MB[0m
[0;33mW (70) boot.esp32: PRO CPU has been reset by WDT[0m
[0;33mW (74) boot.esp32: WDT rst info: PRO CPU PC=0x40081ab1[0m
[0;33mW (79) boot.esp32: WDT rst info: APP CPU PC=0x400955a4[0m
[0;32mI (84) boot: Enabling RNG early entropy source...[0m
[0;32mI (88) boot: Partition Table:[0m
[0;32mI (91) boot: ## Label            Usage          Type ST Offset   Length[0m
[0;32mI (97) boot:  0 nvs              WiFi data        01 02 00009000 00006000[0m
[0;32mI (104) boot:  1 phy_init         RF data          01 01 0000f000 00001000[0m
[0;32mI (110) boot:  2 factory          factory app      00 00 00010000 00100000[0m
[0;32mI (117) boot: End of partition table[0m
[0;32mI (120) esp_image: segment 0: paddr=00010020 vaddr=3f400020 size=1de94h (122516) map[0m
[0;32mI (172) esp_image: segment 1: paddr=0002debc vaddr=3ffb0000 size=0215ch (  8540) load[0m
[0;32mI (175) esp_image: segment 2: paddr=00030020 vaddr=400d0020 size=8fd58h (589144) map[0m
[0;32mI (385) esp_image: segment 3: paddr=000bfd80 vaddr=3ffb215c size=023ech (  9196) load[0m
[0;32mI (389) esp_image: segment 4: paddr=000c2174 vaddr=40080000 size=156c0h ( 87744) load[0m
[0;32mI (425) esp_image: segment 5: paddr=000d783c vaddr=50000000 size=00028h (    40) load[0m
[0;32mI (436) boot: Loaded app from partition at offset 0x10000[0m
[0;32mI (436) boot: Disabling RNG early entropy source...[0m
[0;32mI (447) cpu_start: Multicore app[0m
[0;32mI (455) cpu_start: GPIO 3 and 1 are used as console UART I/O pins[0m
[0;32mI (455) cpu_start: Pro cpu start user code[0m
[0;32mI (455) cpu_start: cpu freq: 160000000 Hz[0m
[0;32mI (457) app_init: Application information:[0m
[0;32mI (461) app_init: Project name:     SmartHome[0m
[0;32mI (465) app_init: App version:      1335711-dirty[0m
[0;32mI (470) app_init: Compile time:     May 28 2026 11:32:00[0m
[0;32mI (475) app_init: ELF file SHA256:  c9e75ee60...[0m
[0;32mI (479) app_init: ESP-IDF:          v6.0.1[0m
[0;32mI (483) efuse_init: Min chip rev:     v0.0[0m
[0;32mI (487) efuse_init: Max chip rev:     v3.99 [0m
[0;32mI (491) efuse_init: Chip rev:         v3.1[0m
[0;32mI (495) heap_init: Initializing. RAM available for dynamic allocation:[0m
[0;32mI (501) heap_init: At 3FFAE6E0 len 00001920 (6 KiB): DRAM[0m
[0;32mI (506) heap_init: At 3FFB8A40 len 000275C0 (157 KiB): DRAM[0m
[0;32mI (511) heap_init: At 3FFE0440 len 00003AE0 (14 KiB): D/IRAM[0m
[0;32mI (516) heap_init: At 3FFE4350 len 0001BCB0 (111 KiB): D/IRAM[0m
[0;32mI (522) heap_init: At 400956C0 len 0000A940 (42 KiB): IRAM[0m
[0;33mW (528) spi_flash: Detected boya flash chip but using generic driver. For optimal functionality, enable `SPI_FLASH_SUPPORT_BOYA_CHIP` in menuconfig[0m
[0;32mI (540) spi_flash: detected chip: generic[0m
[0;32mI (544) spi_flash: flash io: dio[0m
[0;33mW (547) spi_flash: Detected size(4096k) larger than the size in the binary image header(2048k). Using the size in the binary image header.[0m
[0;32mI (561) main_task: Started on CPU0[0m
[0;32mI (571) main_task: Calling app_main()[0m
[0;32mI (571) Core_DeMa: 3 devices created.[0m
[0;32mI (631) wifi:wifi driver task: 3ffc063c, prio:23, stack:6656, core=0[0m
[0;32mI (651) wifi:wifi firmware version: b37c951[0m
[0;32mI (651) wifi:wifi certification version: v7.0[0m
[0;32mI (651) wifi:config NVS flash: enabled[0m
[0;32mI (651) wifi:config nano formatting: disabled[0m
[0;32mI (651) wifi:Init data frame dynamic rx buffer num: 32[0m
[0;32mI (661) wifi:Init static rx mgmt buffer num: 5[0m
[0;32mI (661) wifi:Init management short buffer num: 32[0m
[0;32mI (671) wifi:Init dynamic tx buffer num: 32[0m
[0;32mI (671) wifi:Init static rx buffer size: 1600[0m
[0;32mI (671) wifi:Init static rx buffer num: 10[0m
[0;32mI (681) wifi:Init dynamic rx buffer num: 32[0m
[0;32mI (681) wifi_init: rx ba win: 6[0m
[0;32mI (681) wifi_init: accept mbox: 6[0m
[0;32mI (691) wifi_init: tcpip mbox: 32[0m
[0;32mI (691) wifi_init: udp mbox: 6[0m
[0;32mI (691) wifi_init: tcp mbox: 6[0m
[0;32mI (701) wifi_init: tcp tx win: 5760[0m
[0;32mI (701) wifi_init: tcp rx win: 5760[0m
[0;32mI (701) wifi_init: tcp mss: 1440[0m
[0;32mI (701) wifi_init: WiFi IRAM OP enabled[0m
[0;32mI (711) wifi_init: WiFi RX IRAM OP enabled[0m
[0;32mI (721) phy_init: phy_version 4863,a3a4459,Oct 28 2025,14:30:06[0m
[0;32mI (811) phy_init: Saving new calibration data due to checksum failure or outdated calibration data, mode(0)[0m
[0;32mI (881) wifi:mode : softAP (94:54:c5:e7:0c:d5)[0m
[0;32mI (891) wifi:Total power save buffer number: 16[0m
[0;32mI (891) wifi:Init max length of beacon: 752/752[0m
[0;32mI (891) wifi:Init max length of beacon: 752/752[0m
[0;32mI (901) Serv_WifiAp: WiFi AP started. SSID:ESP32_SmartHome Password:47110815 IP:192.168.4.1[0m
[0;32mI (901) esp_netif_lwip: DHCP server started on interface WIFI_AP_DEF with IP: 192.168.4.1[0m
[0;32mI (911) Feat_Light: Light created with id 0 on pin 2[0m
ets Jul 29 2019 12:21:46

rst:0x8 (TG1WDT_SYS_RESET),boot:0x13 (SPI_FAST_FLASH_BOOT)
configsip: 0, SPIWP:0xee
clk_drv:0x00,q_drv:0x00,d_drv:0x00,cs0_drv:0x00,hd_drv:0x00,wp_drv:0x00
mode:DIO, clock div:2
load:0x3fff0040,len:6272
load:0x40078000,len:15848
load:0x40080400,len:3920
entry 0x40080644
[0;32mI (54) boot: ESP-IDF v6.0.1 2nd stage bootloader[0m
[0;32mI (54) boot: compile time May 27 2026 14:22:41[0m
[0;32mI (54) boot: Multicore bootloader[0m
[0;32mI (56) boot: chip revision: v3.1[0m
[0;32mI (59) boot.esp32: SPI Speed      : 40MHz[0m
[0;32mI (63) boot.esp32: SPI Mode       : DIO[0m
[0;32mI (66) boot.esp32: SPI Flash Size : 2MB[0m
[0;33mW (70) boot.esp32: PRO CPU has been reset by WDT[0m
[0;33mW (74) boot.esp32: WDT rst info: PRO CPU PC=0x40081ab1[0m
[0;33mW (79) boot.esp32: WDT rst info: APP CPU PC=0x400955a4[0m
[0;32mI (84) boot: Enabling RNG early entropy source...[0m
[0;32mI (88) boot: Partition Table:[0m
[0;32mI (91) boot: ## Label            Usage          Type ST Offset   Length[0m
[0;32mI (97) boot:  0 nvs              WiFi data        01 02 00009000 00006000[0m
[0;32mI (104) boot:  1 phy_init         RF data          01 01 0000f000 00001000[0m
[0;32mI (110) boot:  2 factory          factory app      00 00 00010000 00100000[0m
[0;32mI (117) boot: End of partition table[0m
[0;32mI (120) esp_image: segment 0: paddr=00010020 vaddr=3f400020 size=1de94h (122516) map[0m
[0;32mI (172) esp_image: segment 1: paddr=0002debc vaddr=3ffb0000 size=0215ch (  8540) load[0m
[0;32mI (175) esp_image: segment 2: paddr=00030020 vaddr=400d0020 size=8fd58h (589144) map[0m
[0;32mI (385) esp_image: segment 3: paddr=000bfd80 vaddr=3ffb215c size=023ech (  9196) load[0m
[0;32mI (389) esp_image: segment 4: paddr=000c2174 vaddr=40080000 size=156c0h ( 87744) load[0m
[0;32mI (425) esp_image: segment 5: paddr=000d783c vaddr=50000000 size=00028h (    40) load[0m
[0;32mI (436) boot: Loaded app from partition at offset 0x10000[0m
[0;32mI (436) boot: Disabling RNG early entropy source...[0m
[0;32mI (447) cpu_start: Multicore app[0m
[0;32mI (455) cpu_start: GPIO 3 and 1 are used as console UART I/O pins[0m
[0;32mI (455) cpu_start: Pro cpu start user code[0m
[0;32mI (455) cpu_start: cpu freq: 160000000 Hz[0m
[0;32mI (457) app_init: Application information:[0m
[0;32mI (461) app_init: Project name:     SmartHome[0m
[0;32mI (465) app_init: App version:      1335711-dirty[0m
[0;32mI (470) app_init: Compile time:     May 28 2026 11:32:00[0m
[0;32mI (475) app_init: ELF file SHA256:  c9e75ee60...[0m
[0;32mI (479) app_init: ESP-IDF:          v6.0.1[0m
[0;32mI (483) efuse_init: Min chip rev:     v0.0[0m
[0;32mI (487) efuse_init: Max chip rev:     v3.99 [0m
[0;32mI (491) efuse_init: Chip rev:         v3.1[0m
[0;32mI (495) heap_init: Initializing. RAM available for dynamic allocation:[0m
[0;32mI (501) heap_init: At 3FFAE6E0 len 00001920 (6 KiB): DRAM[0m
[0;32mI (506) heap_init: At 3FFB8A40 len 000275C0 (157 KiB): DRAM[0m
[0;32mI (511) heap_init: At 3FFE0440 len 00003AE0 (14 KiB): D/IRAM[0m
[0;32mI (516) heap_init: At 3FFE4350 len 0001BCB0 (111 KiB): D/IRAM[0m
[0;32mI (522) heap_init: At 400956C0 len 0000A940 (42 KiB): IRAM[0m
[0;33mW (528) spi_flash: Detected boya flash chip but using generic driver. For optimal functionality, enable `SPI_FLASH_SUPPORT_BOYA_CHIP` in menuconfig[0m
[0;32mI (540) spi_flash: detected chip: generic[0m
[0;32mI (544) spi_flash: flash io: dio[0m
[0;33mW (547) spi_flash: Detected size(4096k) larger than the size in the binary image header(2048k). Using the size in the binary image header.[0m
[0;32mI (561) main_task: Started on CPU0[0m
