Command: C:\Espressif\tools\python\v6.0.1\venv\Scripts\python.exe D:\Projects\Espressif\idf\.espressif\v6.0.1\esp-idf\tools/idf_monitor.py -p COM7 -b 115200 --toolchain-prefix xtensa-esp32-elf- --target esp32 --revision 0 D:\Projects\Espressif\SPLE\SmartHome\build\SmartHome.elf D:\Projects\Espressif\SPLE\SmartHome\build\bootloader\bootloader.elf --force-color -m 'C:\Espressif\tools\python\v6.0.1\venv\Scripts\python.exe' 'D:\Projects\Espressif\idf\.espressif\v6.0.1\esp-idf\tools\idf.py'
�:wifi d�ets Jul 29 2019 12:21:46

rst:0x1 (POWERON_RESET),boot:0x13 (SPI_FAST_FLASH_BOOT)
configsip: 0, SPIWP:0xee
clk_drv:0x00,q_drv:0x00,d_drv:0x00,cs0_drv:0x00,hd_drv:0x00,wp_drv:0x00
mode:DIO, clock div:2
load:0x3fff0040,len:6272
load:0x40078000,len:15848
load:0x40080400,len:3920
entry 0x40080644
[0;32mI (27) boot: ESP-IDF v6.0.1 2nd stage bootloader[0m
[0;32mI (27) boot: compile time May 27 2026 14:22:41[0m
[0;32mI (28) boot: Multicore bootloader[0m
[0;32mI (29) boot: chip revision: v3.1[0m
[0;32mI (32) boot.esp32: SPI Speed      : 40MHz[0m
[0;32mI (35) boot.esp32: SPI Mode       : DIO[0m
[0;32mI (39) boot.esp32: SPI Flash Size : 2MB[0m
[0;32mI (42) boot: Enabling RNG early entropy source...[0m
[0;32mI (47) boot: Partition Table:[0m
[0;32mI (49) boot: ## Label            Usage          Type ST Offset   Length[0m
[0;32mI (56) boot:  0 nvs              WiFi data        01 02 00009000 00006000[0m
[0;32mI (62) boot:  1 phy_init         RF data          01 01 0000f000 00001000[0m
[0;32mI (69) boot:  2 factory          factory app      00 00 00010000 00100000[0m
[0;32mI (75) boot: End of partition table[0m
[0;32mI (79) esp_image: segment 0: paddr=00010020 vaddr=3f400020 size=1dcbch (122044) map[0m
[0;32mI (130) esp_image: segment 1: paddr=0002dce4 vaddr=3ffb0000 size=02334h (  9012) load[0m
[0;32mI (133) esp_image: segment 2: paddr=00030020 vaddr=400d0020 size=8f894h (587924) map[0m
[0;32mI (343) esp_image: segment 3: paddr=000bf8bc vaddr=3ffb2334 size=02214h (  8724) load[0m
[0;32mI (347) esp_image: segment 4: paddr=000c1ad8 vaddr=40080000 size=156c0h ( 87744) load[0m
[0;32mI (383) esp_image: segment 5: paddr=000d71a0 vaddr=50000000 size=00028h (    40) load[0m
[0;32mI (394) boot: Loaded app from partition at offset 0x10000[0m
[0;32mI (394) boot: Disabling RNG early entropy source...[0m
[0;32mI (404) cpu_start: Multicore app[0m
[0;32mI (413) cpu_start: GPIO 3 and 1 are used as console UART I/O pins[0m
[0;32mI (413) cpu_start: Pro cpu start user code[0m
[0;32mI (413) cpu_start: cpu freq: 160000000 Hz[0m
[0;32mI (415) app_init: Application information:[0m
[0;32mI (419) app_init: Project name:     SmartHome[0m
[0;32mI (423) app_init: App version:      1335711-dirty[0m
[0;32mI (427) app_init: Compile time:     May 28 2026 09:09:02[0m
[0;32mI (432) app_init: ELF file SHA256:  66eb6ee02...[0m
[0;32mI (436) app_init: ESP-IDF:          v6.0.1[0m
[0;32mI (440) efuse_init: Min chip rev:     v0.0[0m
[0;32mI (444) efuse_init: Max chip rev:     v3.99 [0m
[0;32mI (448) efuse_init: Chip rev:         v3.1[0m
[0;32mI (452) heap_init: Initializing. RAM available for dynamic allocation:[0m
[0;32mI (458) heap_init: At 3FFAE6E0 len 00001920 (6 KiB): DRAM[0m
[0;32mI (463) heap_init: At 3FFB8A10 len 000275F0 (157 KiB): DRAM[0m
[0;32mI (469) heap_init: At 3FFE0440 len 00003AE0 (14 KiB): D/IRAM[0m
[0;32mI (474) heap_init: At 3FFE4350 len 0001BCB0 (111 KiB): D/IRAM[0m
[0;32mI (479) heap_init: At 400956C0 len 0000A940 (42 KiB): IRAM[0m
[0;33mW (486) spi_flash: Detected boya flash chip but using generic driver. For optimal functionality, enable `SPI_FLASH_SUPPORT_BOYA_CHIP` in menuconfig[0m
[0;32mI (498) spi_flash: detected chip: generic[0m
[0;32mI (501) spi_flash: flash io: dio[0m
[0;33mW (504) spi_flash: Detected size(4096k) larger than the size in the binary image header(2048k). Using the size in the binary image header.[0m
[0;32mI (518) main_task: Started on CPU0[0m
[0;32mI (528) main_task: Calling app_main()[0m
[0;32mI (528) Core_DeMa: 1 devices created.[0m
[0;32mI (578) wifi:wifi driver task: 3ffc060c, prio:23, stack:6656, core=0[0m
[0;32mI (598) wifi:wifi firmware version: b37c951[0m
[0;32mI (598) wifi:wifi certification version: v7.0[0m
[0;32mI (598) wifi:config NVS flash: enabled[0m
[0;32mI (598) wifi:config nano formatting: disabled[0m
[0;32mI (598) wifi:Init data frame dynamic rx buffer num: 32[0m
[0;32mI (608) wifi:Init static rx mgmt buffer num: 5[0m
[0;32mI (608) wifi:Init management short buffer num: 32[0m
[0;32mI (608) wifi:Init dynamic tx buffer num: 32[0m
[0;32mI (618) wifi:Init static rx buffer size: 1600[0m
[0;32mI (618) wifi:Init static rx buffer num: 10[0m
[0;32mI (628) wifi:Init dynamic rx buffer num: 32[0m
[0;32mI (628) wifi_init: rx ba win: 6[0m
[0;32mI (628) wifi_init: accept mbox: 6[0m
[0;32mI (638) wifi_init: tcpip mbox: 32[0m
[0;32mI (638) wifi_init: udp mbox: 6[0m
[0;32mI (638) wifi_init: tcp mbox: 6[0m
[0;32mI (638) wifi_init: tcp tx win: 5760[0m
[0;32mI (648) wifi_init: tcp rx win: 5760[0m
[0;32mI (648) wifi_init: tcp mss: 1440[0m
[0;32mI (648) wifi_init: WiFi IRAM OP enabled[0m
[0;32mI (658) wifi_init: WiFi RX IRAM OP enabled[0m
[0;32mI (668) phy_init: phy_version 4863,a3a4459,Oct 28 2025,14:30:06[0m
[0;32mI (748) wifi:mode : softAP (94:54:c5:e7:0c:d5)[0m
[0;32mI (758) wifi:Total power save buffer number: 16[0m
[0;32mI (758) wifi:Init max length of beacon: 752/752[0m
[0;32mI (758) wifi:Init max length of beacon: 752/752[0m
[0;32mI (758) Serv_WifiAp: WiFi AP started. SSID:ESP32_SmartHome Password:47110815 IP:192.168.4.1[0m
[0;32mI (768) esp_netif_lwip: DHCP server started on interface WIFI_AP_DEF with IP: 192.168.4.1[0m
[0;32mI (778) Feat_Light: Light created with id 0 on pin 2[0m
[0;32mI (788) Feat_Rest: REST interface started[0m
[0;32mI (788) Int_WebUI: WebUI interface started[0m
[0;32mI (11098) wifi:new:<1,1>, old:<1,1>, ap:<1,1>, sta:<255,255>, prof:1, snd_ch_cfg:0x0[0m
[0;32mI (11098) wifi:station: 44:03:2c:7c:d3:b9 join, AID=1, bgn, 40U[0m
[0;32mI (11168) esp_netif_lwip: DHCP server assigned IP to a client, IP is: 192.168.4.2[0m
[0;32mI (14488) wifi:<ba-add>idx:2 (ifx:1, 44:03:2c:7c:d3:b9), tid:0, ssn:92, winSize:64[0m
